Component: ARM Compiler 5.06 update 7 (build 960) Tool: armlink [4d3601]

==============================================================================

Section Cross References

    system_da14531.o(.text) refers to system_da14531.o(.data) for .data
    system_da14531.o(.text) refers to otp_cs.o(otp_cs_booter) for booter_val
    startup_da14531.o(RESET) refers to startup_da14531.o(STACK) for __initial_sp
    startup_da14531.o(RESET) refers to startup_da14531.o(.text) for Reset_Handler
    startup_da14531.o(RESET) refers to systick.o(.text) for SysTick_Handler
    startup_da14531.o(RESET) refers to rwble.o(.text) for BLE_WAKEUP_LP_Handler
    startup_da14531.o(RESET) refers to uart.o(.text) for UART2_Handler
    startup_da14531.o(RESET) refers to i2c.o(.text) for I2C_Handler
    startup_da14531.o(RESET) refers to adc_531.o(.text) for ADC_Handler
    startup_da14531.o(RESET) refers to gpio.o(.text) for GPIO0_Handler
    startup_da14531.o(RESET) refers to wkupct_quadec.o(.text) for WKUP_QUADEC_Handler
    startup_da14531.o(.text) refers to system_da14531.o(.text) for SystemInit
    startup_da14531.o(.text) refers to entry.o(.ARM.Collect$$$$00000000) for __main
    startup_da14531.o(.text) refers to nmi_handler.o(.text) for NMI_HandlerC
    startup_da14531.o(.text) refers to hardfault_handler.o(.text) for HardFault_HandlerC
    hardfault_handler.o(.text) refers to syscntl.o(.text) for syscntl_dcdc_set_level
    nmi_handler.o(.text) refers to syscntl.o(.text) for syscntl_dcdc_set_level
    nvds.o(.constdata) refers to nvds.o(.constdata) for nvds_data_storage
    nvds.o(.constdata) refers to arch_system.o(retention_mem_area0) for dev_bdaddr
    arch_main.o(.text) refers to arch_system.o(.text) for system_init
    arch_main.o(.text) refers to rwip.o(.text) for rwip_sleep
    arch_main.o(.text) refers to arch_sleep.o(.text) for arch_get_sleep_mode
    arch_main.o(.text) refers to user_periph_setup.o(.text) for periph_init
    arch_main.o(.text) refers to hw_otpc_531.o(.text) for hw_otpc_init
    arch_main.o(.text) refers (Weak) to hw_otpc_531.o(.text) for hw_otpc_clear_dcdc_reserved
    arch_main.o(.text) refers to syscntl.o(.text) for syscntl_dcdc_set_level
    arch_main.o(.text) refers to rwble.o(retention_mem_area0) for arch_rwble_last_event
    arch_main.o(.text) refers to otp_cs.o(otp_cs_booter) for booter_val
    arch_main.o(.text) refers to arch_main.o(retention_mem_area0) for retention_mem_area0
    arch_main.o(.constdata) refers to app_default_handlers.o(.text) for default_app_on_init
    jump_table.o(.constdata) refers to ble_arp.o(.text) for rf_init_func
    jump_table.o(.constdata) refers to jump_table.o(.text) for platform_reset_func
    jump_table.o(.constdata) refers to rwble.o(.text) for lld_sleep_compensate_func
    jump_table.o(.constdata) refers to arch_system.o(.text) for lld_sleep_init_func
    jump_table.o(.constdata) refers to patch.o(.text) for JT_lld_test_mode_rx_func
    jump_table.o(.constdata) refers to prf.o(.text) for prf_init_func
    jump_table.o(.constdata) refers to jump_table.o(heap_mem_area_not_ret) for rwip_heap_non_ret
    jump_table.o(.constdata) refers to jump_table.o(heap_env_area) for rwip_heap_env_ret
    jump_table.o(.constdata) refers to jump_table.o(heap_db_area) for rwip_heap_db_ret
    jump_table.o(.constdata) refers to jump_table.o(heap_msg_area) for rwip_heap_msg_ret
    jump_table.o(.constdata) refers to nvds.o(.constdata) for rom_nvds_cfg
    jump_table.o(.constdata) refers to custs1.o(.constdata) for rom_cust_prf_cfg
    jump_table.o(.constdata) refers to prf.o(.constdata) for rom_prf_cfg
    jump_table.o(.constdata) refers to app_entry_point.o(.constdata) for rom_app_task_cfg
    arch_sleep.o(.text) refers to arch_sleep.o(retention_mem_area0) for retention_mem_area0
    arch_sleep.o(.text) refers to rwble.o(retention_mem_area0) for arch_rwble_last_event
    arch_system.o(.text) refers to arch_system.o(i.__ARM_common_ll_muluu) for __ARM_common_ll_muluu
    arch_system.o(.text) refers to otp_cs.o(.text) for otp_cs_get_xtal_wait_trim
    arch_system.o(.text) refers to adc_531.o(.text) for adc_init
    arch_system.o(.text) refers to ble_arp.o(.text) for rf_recalibration
    arch_system.o(.text) refers to gpio.o(.text) for GPIO_init
    arch_system.o(.text) refers to arch_system.o(retention_mem_area0) for retention_mem_area0
    arch_system.o(.text) refers to arch_system.o(.bss) for .bss
    arch_system.o(.text) refers to arch_system.o(.constdata) for .constdata
    arch_system.o(.text) refers to arch_system.o(.data) for .data
    arch_system.o(.text) refers to hw_otpc_531.o(.text) for hw_otpc_init
    arch_system.o(.text) refers to otp_hdr.o(.text) for otp_hdr_get_bd_address
    arch_system.o(.text) refers to arch_rom.o(.text) for arch_rom_init
    arch_system.o(.text) refers to user_periph_setup.o(.text) for periph_init
    arch_system.o(.text) refers to trng.o(.text) for init_rand_seed_from_trng
[...]
    gapm_default_handler                     0x07f20330   Data           0  da14531_symbols.txt ABSOLUTE
    l2cc_connor_pkt_format                   0x07f20338   Data           0  da14531_symbols.txt ABSOLUTE
    l2cc_signaling_pkt_format                0x07f20340   Data           0  da14531_symbols.txt ABSOLUTE
    l2cc_security_pkt_format                 0x07f2039c   Data           0  da14531_symbols.txt ABSOLUTE
    l2cc_attribute_pkt_format                0x07f203d8   Data           0  da14531_symbols.txt ABSOLUTE
    smpc_construct_pdu                       0x07f20454   Data           0  da14531_symbols.txt ABSOLUTE
    arch_printf_flush                        0x07f20be5   Thumb Code     0  da14531_symbols.txt ABSOLUTE
    arch_vprintf                             0x07f20c9d   Thumb Code     0  da14531_symbols.txt ABSOLUTE
    arch_printf                              0x07f20cfd   Thumb Code     0  da14531_symbols.txt ABSOLUTE
    arch_puts                                0x07f20d11   Thumb Code     0  da14531_symbols.txt ABSOLUTE
    arch_printf_process                      0x07f20d21   Thumb Code     0  da14531_symbols.txt ABSOLUTE
    nvds_get_func                            0x07f20dcd   Thumb Code     0  da14531_symbols.txt ABSOLUTE
    nvds_init_func                           0x07f20ea9   Thumb Code     0  da14531_symbols.txt ABSOLUTE
    nvds_del_func                            0x07f20ead   Thumb Code     0  da14531_symbols.txt ABSOLUTE
    nvds_put_func                            0x07f20eb1   Thumb Code     0  da14531_symbols.txt ABSOLUTE
    csprng_seed                              0x07f20f49   Thumb Code     0  da14531_symbols.txt ABSOLUTE
    csprng_get_next_uint32                   0x07f20f79   Thumb Code     0  da14531_symbols.txt ABSOLUTE
    trng_acquire                             0x07f21021   Thumb Code     0  da14531_symbols.txt ABSOLUTE
    prf_add_profile_func                     0x07f210d1   Thumb Code     0  da14531_symbols.txt ABSOLUTE
    prf_cleanup_func                         0x07f211b1   Thumb Code     0  da14531_symbols.txt ABSOLUTE
    prf_env_get                              0x07f211f1   Thumb Code     0  da14531_symbols.txt ABSOLUTE
    prf_src_task_get                         0x07f2121d   Thumb Code     0  da14531_symbols.txt ABSOLUTE
    prf_dst_task_get                         0x07f2122d   Thumb Code     0  da14531_symbols.txt ABSOLUTE
    prf_get_id_from_task_func                0x07f21241   Thumb Code     0  da14531_symbols.txt ABSOLUTE
    prf_get_task_from_id_func                0x07f21279   Thumb Code     0  da14531_symbols.txt ABSOLUTE
    prf_reset_func                           0x07f212b1   Thumb Code     0  da14531_symbols.txt ABSOLUTE
    prf_itf_get                              0x07f212fd   Thumb Code     0  da14531_symbols.txt ABSOLUTE
    prf_pack_char_pres_fmt                   0x07f21321   Thumb Code     0  da14531_symbols.txt ABSOLUTE
    prf_pack_date_time                       0x07f2133f   Thumb Code     0  da14531_symbols.txt ABSOLUTE
    prf_unpack_date_time                     0x07f2135f   Thumb Code     0  da14531_symbols.txt ABSOLUTE
    diss_compute_cfg_flag                    0x07f21381   Thumb Code     0  da14531_symbols.txt ABSOLUTE
    diss_handle_to_value                     0x07f21453   Thumb Code     0  da14531_symbols.txt ABSOLUTE
    diss_value_to_handle                     0x07f21483   Thumb Code     0  da14531_symbols.txt ABSOLUTE
    diss_check_val_len                       0x07f214b7   Thumb Code     0  da14531_symbols.txt ABSOLUTE
    diss_prf_itf_get                         0x07f214ed   Thumb Code     0  da14531_symbols.txt ABSOLUTE
    bass_get_att_handle                      0x07f2184b   Thumb Code     0  da14531_symbols.txt ABSOLUTE
    bass_get_att_idx                         0x07f21901   Thumb Code     0  da14531_symbols.txt ABSOLUTE
    bass_exe_operation                       0x07f2196b   Thumb Code     0  da14531_symbols.txt ABSOLUTE
    bass_prf_itf_get                         0x07f21a6d   Thumb Code     0  da14531_symbols.txt ABSOLUTE
    suotar_prf_itf_get                       0x07f22059   Thumb Code     0  da14531_symbols.txt ABSOLUTE
    check_client_char_cfg                    0x07f22355   Thumb Code     0  da14531_symbols.txt ABSOLUTE
    get_value_handle                         0x07f2237f   Thumb Code     0  da14531_symbols.txt ABSOLUTE
    get_cfg_handle                           0x07f223cb   Thumb Code     0  da14531_symbols.txt ABSOLUTE
    custs1_get_att_handle                    0x07f2242d   Thumb Code     0  da14531_symbols.txt ABSOLUTE
    custs1_get_att_idx                       0x07f22449   Thumb Code     0  da14531_symbols.txt ABSOLUTE
    custs1_prf_itf_get                       0x07f22621   Thumb Code     0  da14531_symbols.txt ABSOLUTE
    custs1_init_ccc_values                   0x07f226d3   Thumb Code     0  da14531_symbols.txt ABSOLUTE
    custs1_set_ccc_value                     0x07f2270b   Thumb Code     0  da14531_symbols.txt ABSOLUTE
    gattc_cmp_evt_handler                    0x07f22823   Thumb Code     0  da14531_symbols.txt ABSOLUTE
    custs1_val_set_req_handler               0x07f22837   Thumb Code     0  da14531_symbols.txt ABSOLUTE
    custs1_val_ntf_req_handler               0x07f22857   Thumb Code     0  da14531_symbols.txt ABSOLUTE
    custs1_val_ind_req_handler               0x07f228b3   Thumb Code     0  da14531_symbols.txt ABSOLUTE
    custs1_att_info_rsp_handler              0x07f2290f   Thumb Code     0  da14531_symbols.txt ABSOLUTE
    gattc_read_req_ind_handler               0x07f2294b   Thumb Code     0  da14531_symbols.txt ABSOLUTE
    gattc_att_info_req_ind_handler           0x07f22b57   Thumb Code     0  da14531_symbols.txt ABSOLUTE
    custs1_value_req_rsp_handler             0x07f22b99   Thumb Code     0  da14531_symbols.txt ABSOLUTE
    attm_svc_create_db_128                   0x07f22c19   Thumb Code     0  da14531_symbols.txt ABSOLUTE
    gapm_adv_report_ind_handler_ROM          0x07f23085   Thumb Code     0  da14531_symbols.txt ABSOLUTE
    gapc_security_ind_handler_ROM            0x07f2309f   Thumb Code     0  da14531_symbols.txt ABSOLUTE
    gapc_set_dev_info_req_ind_handler_ROM    0x07f23185   Thumb Code     0  da14531_symbols.txt ABSOLUTE
    gapm_profile_added_ind_handler_ROM       0x07f231c7   Thumb Code     0  da14531_symbols.txt ABSOLUTE
    gapc_param_update_req_ind_handler_ROM    0x07f231f9   Thumb Code     0  da14531_symbols.txt ABSOLUTE
    gapc_le_pkt_size_ind_handler_ROM         0x07f23239   Thumb Code     0  da14531_symbols.txt ABSOLUTE
    gattc_svc_changed_cfg_ind_handler_ROM    0x07f23253   Thumb Code     0  da14531_symbols.txt ABSOLUTE
    gapc_peer_features_ind_handler_ROM       0x07f2326f   Thumb Code     0  da14531_symbols.txt ABSOLUTE
    app_entry_point_handler                  0x07f232a9   Thumb Code     0  da14531_symbols.txt ABSOLUTE
    app_std_process_event                    0x07f232f1   Thumb Code     0  da14531_symbols.txt ABSOLUTE
    app_get_address_type_ROM                 0x07f23335   Thumb Code     0  da14531_symbols.txt ABSOLUTE
    app_fill_random_byte_array_ROM           0x07f23361   Thumb Code     0  da14531_symbols.txt ABSOLUTE
    __aeabi_ldivmod                          0x07f233f3   Thumb Code     0  da14531_symbols.txt ABSOLUTE
    __aeabi_llsr                             0x07f2343f   Thumb Code     0  da14531_symbols.txt ABSOLUTE
    _ll_ushift_r                             0x07f2343f   Thumb Code     0  da14531_symbols.txt ABSOLUTE
    __aeabi_uldivmod                         0x07f23461   Thumb Code     0  da14531_symbols.txt ABSOLUTE
    app_db_init_start                        0x07f234c1   Thumb Code     0  da14531_symbols.txt ABSOLUTE
    app_db_init                              0x07f234dd   Thumb Code     0  da14531_symbols.txt ABSOLUTE
    app_easy_gap_confirm                     0x07f234e9   Thumb Code     0  da14531_symbols.txt ABSOLUTE
    append_device_name                       0x07f23515   Thumb Code     0  da14531_symbols.txt ABSOLUTE
    app_easy_gap_update_adv_data             0x07f23539   Thumb Code     0  da14531_symbols.txt ABSOLUTE
    app_easy_gap_disconnect                  0x07f23581   Thumb Code     0  da14531_symbols.txt ABSOLUTE
    app_easy_gap_advertise_stop              0x07f235bd   Thumb Code     0  da14531_symbols.txt ABSOLUTE
    active_conidx_to_conhdl                  0x07f235d9   Thumb Code     0  da14531_symbols.txt ABSOLUTE
    active_conhdl_to_conidx                  0x07f23605   Thumb Code     0  da14531_symbols.txt ABSOLUTE
    app_timer_set                            0x07f23641   Thumb Code     0  da14531_symbols.txt ABSOLUTE
    app_easy_gap_set_data_packet_length      0x07f2365d   Thumb Code     0  da14531_symbols.txt ABSOLUTE
    get_user_prf_srv_perm                    0x07f23699   Thumb Code     0  da14531_symbols.txt ABSOLUTE
    app_set_prf_srv_perm                     0x07f236c1   Thumb Code     0  da14531_symbols.txt ABSOLUTE
    prf_init_srv_perm                        0x07f236f1   Thumb Code     0  da14531_symbols.txt ABSOLUTE
    app_gattc_svc_changed_cmd_send           0x07f23715   Thumb Code     0  da14531_symbols.txt ABSOLUTE
    blank_otp_bdaddr                         0x07f239e4   Data           0  da14531_symbols.txt ABSOLUTE
    app_default_handler                      0x07f23f58   Data           0  da14531_symbols.txt ABSOLUTE
    gap_cfg_user_var_struct                  0x07f23f60   Data           0  da14531_symbols.txt ABSOLUTE
    __Vectors                                0x07fc0000   Data           4  startup_da14531.o(RESET)
    __Vectors_End                            0x07fc00a0   Data           0  startup_da14531.o(RESET)
    booter_val                               0x07fc00a0   Data           8  otp_cs.o(otp_cs_booter)
    Image$$ER_IROM3$$Base                    0x07fc0110   Number         0  anon$$obj.o ABSOLUTE
    __main                                   0x07fc0111   Thumb Code     0  entry.o(.ARM.Collect$$$$00000000)
    _main_stk                                0x07fc0111   Thumb Code     0  entry2.o(.ARM.Collect$$$$00000001)
    _main_scatterload                        0x07fc0115   Thumb Code     0  entry5.o(.ARM.Collect$$$$00000004)
    __main_after_scatterload                 0x07fc0119   Thumb Code     0  entry5.o(.ARM.Collect$$$$00000004)
    _main_clock                              0x07fc0119   Thumb Code     0  entry7b.o(.ARM.Collect$$$$00000008)
    _main_cpp_init                           0x07fc0119   Thumb Code     0  entry8b.o(.ARM.Collect$$$$0000000A)
    _main_init                               0x07fc0119   Thumb Code     0  entry9a.o(.ARM.Collect$$$$0000000B)
    __rt_lib_shutdown_fini                   0x07fc0121   Thumb Code     0  entry12b.o(.ARM.Collect$$$$0000000E)
    __rt_final_cpp                           0x07fc0125   Thumb Code     0  entry10a.o(.ARM.Collect$$$$0000000F)
    __rt_final_exit                          0x07fc0125   Thumb Code     0  entry11a.o(.ARM.Collect$$$$00000011)
    SystemCoreClockUpdate                    0x07fc0129   Thumb Code     8  system_da14531.o(.text)
    SystemInit                               0x07fc0131   Thumb Code   100  system_da14531.o(.text)
    Reset_Handler                            0x07fc01cd   Thumb Code     8  startup_da14531.o(.text)
    SVC_Handler                              0x07fc0205   Thumb Code     2  startup_da14531.o(.text)
    PendSV_Handler                           0x07fc0207   Thumb Code     2  startup_da14531.o(.text)
    BLE_RF_DIAG_Handler                      0x07fc020b   Thumb Code     0  startup_da14531.o(.text)
    DMA_Handler                              0x07fc020b   Thumb Code     0  startup_da14531.o(.text)
    KEYBRD_Handler                           0x07fc020b   Thumb Code     0  startup_da14531.o(.text)
    RESERVED21_Handler                       0x07fc020b   Thumb Code     0  startup_da14531.o(.text)
    RESERVED22_Handler                       0x07fc020b   Thumb Code     0  startup_da14531.o(.text)
    RESERVED23_Handler                       0x07fc020b   Thumb Code     0  startup_da14531.o(.text)
    RFCAL_Handler                            0x07fc020b   Thumb Code     0  startup_da14531.o(.text)
    RTC_Handler                              0x07fc020b   Thumb Code     0  startup_da14531.o(.text)
    SPI_Handler                              0x07fc020b   Thumb Code     0  startup_da14531.o(.text)
    SWTIM1_Handler                           0x07fc020b   Thumb Code     0  startup_da14531.o(.text)
    SWTIM_Handler                            0x07fc020b   Thumb Code     0  startup_da14531.o(.text)
    XTAL32M_RDY_Handler                      0x07fc020b   Thumb Code     0  startup_da14531.o(.text)
    HardFault_HandlerC                       0x07fc021d   Thumb Code   134  hardfault_handler.o(.text)
    NMI_HandlerC                             0x07fc02b5   Thumb Code   172  nmi_handler.o(.text)
    main                                     0x07fc0375   Thumb Code   170  arch_main.o(.text)
    dummyf                                   0x07fc0675   Thumb Code     2  jump_table.o(.text)
    crypto_init_func                         0x07fc0677   Thumb Code     2  jump_table.o(.text)
    ba431_get_rand_func                      0x07fc0679   Thumb Code    24  jump_table.o(.text)
    dia_rand_func                            0x07fc0691   Thumb Code     8  jump_table.o(.text)
    dia_srand_func                           0x07fc0699   Thumb Code     8  jump_table.o(.text)
    dbg_init_func_empty                      0x07fc06a1   Thumb Code     2  jump_table.o(.text)
    dbg_platform_reset_complete_func_empty   0x07fc06a3   Thumb Code     2  jump_table.o(.text)
    smpm_ecdh_key_create_func_empty          0x07fc06a5   Thumb Code     2  jump_table.o(.text)
    platform_reset_func                      0x07fc06a7   Thumb Code    28  jump_table.o(.text)
    arch_disable_sleep                       0x07fc06c9   Thumb Code    26  arch_sleep.o(.text)
    arch_set_extended_sleep                  0x07fc06e3   Thumb Code    46  arch_sleep.o(.text)
    arch_set_deep_sleep                      0x07fc0711   Thumb Code   250  arch_sleep.o(.text)
    arch_set_sleep_mode                      0x07fc080b   Thumb Code    24  arch_sleep.o(.text)
    arch_get_sleep_mode                      0x07fc0823   Thumb Code    26  arch_sleep.o(.text)
    arch_restore_sleep_mode                  0x07fc083d   Thumb Code    72  arch_sleep.o(.text)
    arch_force_active_mode                   0x07fc0885   Thumb Code    30  arch_sleep.o(.text)
    arch_ble_ext_wakeup_on                   0x07fc08a3   Thumb Code     8  arch_sleep.o(.text)
    arch_ble_ext_wakeup_off                  0x07fc08ab   Thumb Code     8  arch_sleep.o(.text)
    arch_ble_ext_wakeup_get                  0x07fc08b3   Thumb Code     6  arch_sleep.o(.text)
    arch_ble_force_wakeup                    0x07fc08b9   Thumb Code    46  arch_sleep.o(.text)
    arch_last_rwble_evt_get                  0x07fc08e7   Thumb Code     6  arch_sleep.o(.text)
    read_rcx_freq                            0x07fc0915   Thumb Code    80  arch_system.o(.text)
    calibrate_rcx20                          0x07fc0965   Thumb Code    28  arch_system.o(.text)
    init_pwr_and_clk_ble                     0x07fc0981   Thumb Code   160  arch_system.o(.text)
    lld_sleep_lpcycles_2_us_rcx_func         0x07fc0a21   Thumb Code    32  arch_system.o(.text)
    lld_sleep_lpcycles_2_us_sel_func         0x07fc0a41   Thumb Code     2  arch_system.o(.text)
    lld_sleep_us_2_lpcycles_rcx_func         0x07fc0a43   Thumb Code    20  arch_system.o(.text)
    lld_sleep_us_2_lpcycles_sel_func         0x07fc0a57   Thumb Code     2  arch_system.o(.text)
    set_sleep_delay                          0x07fc0a59   Thumb Code    66  arch_system.o(.text)
    conditionally_run_radio_cals             0x07fc0a9b   Thumb Code   134  arch_system.o(.text)
    check_sys_startup_period                 0x07fc0b21   Thumb Code    46  arch_system.o(.text)
    app_use_lower_clocks_check               0x07fc0b4f   Thumb Code     4  arch_system.o(.text)
    lld_sleep_init_func                      0x07fc0b53   Thumb Code    26  arch_system.o(.text)
    arch_wkupct_tweak_deb_time               0x07fc0b6d   Thumb Code    48  arch_system.o(.text)
    arch_set_pxact_gpio                      0x07fc0b9d   Thumb Code    40  arch_system.o(.text)
    set_xtal32m_trim_value                   0x07fc0bc5   Thumb Code    82  arch_system.o(.text)
    system_init                              0x07fc0c17   Thumb Code   590  arch_system.o(.text)
    arch_rom_init                            0x07fc0e89   Thumb Code   212  arch_rom.o(.text)
    hash                                     0x07fc0fe5   Thumb Code    50  hash.o(.text)
    otp_cs_store                             0x07fc1031   Thumb Code   524  otp_cs.o(.text)
    otp_cs_load_pd_rad                       0x07fc123d   Thumb Code    94  otp_cs.o(.text)
    otp_cs_load_pd_adpll                     0x07fc129b   Thumb Code    70  otp_cs.o(.text)
    otp_cs_get_low_power_clock               0x07fc12e1   Thumb Code     8  otp_cs.o(.text)
    otp_cs_get_adc_single_ge                 0x07fc12e9   Thumb Code     8  otp_cs.o(.text)
    otp_cs_get_adc_single_offset             0x07fc12f1   Thumb Code     8  otp_cs.o(.text)
    otp_cs_get_adc_diff_ge                   0x07fc12f9   Thumb Code     8  otp_cs.o(.text)
    otp_cs_get_adc_diff_offset               0x07fc1301   Thumb Code     8  otp_cs.o(.text)
    otp_cs_get_adc_trim_val                  0x07fc1309   Thumb Code     6  otp_cs.o(.text)
    otp_cs_get_adc_offsh_ge                  0x07fc130f   Thumb Code     8  otp_cs.o(.text)
    otp_cs_get_adc_offsh_offset              0x07fc1317   Thumb Code     8  otp_cs.o(.text)
    otp_cs_get_adc_25_cal                    0x07fc131f   Thumb Code     6  otp_cs.o(.text)
    otp_cs_get_xtal32m_trim_value            0x07fc1325   Thumb Code     6  otp_cs.o(.text)
    otp_cs_get_xtal_wait_trim                0x07fc132b   Thumb Code     6  otp_cs.o(.text)
    otp_hdr_get_bd_address                   0x07fc137d   Thumb Code    12  otp_hdr.o(.text)
    syscntl_use_lowest_amba_clocks           0x07fc138d   Thumb Code    22  syscntl.o(.text)
    syscntl_use_highest_amba_clocks          0x07fc13a3   Thumb Code    22  syscntl.o(.text)
    syscntl_cfg_xtal32m_amp_reg              0x07fc13b9   Thumb Code    18  syscntl.o(.text)
    syscntl_por_vbat_high_cfg                0x07fc13cb   Thumb Code    28  syscntl.o(.text)
    syscntl_por_vbat_low_cfg                 0x07fc13e7   Thumb Code    30  syscntl.o(.text)
    syscntl_dcdc_get_level                   0x07fc143f   Thumb Code    20  syscntl.o(.text)
    syscntl_dcdc_set_level                   0x07fc1453   Thumb Code    36  syscntl.o(.text)
    syscntl_dcdc_turn_off                    0x07fc1477   Thumb Code    74  syscntl.o(.text)
    syscntl_dcdc_turn_on_in_boost            0x07fc14c1   Thumb Code    86  syscntl.o(.text)
    syscntl_dcdc_turn_on_in_buck             0x07fc1517   Thumb Code    38  syscntl.o(.text)
    GPIO_init                                0x07fc154d   Thumb Code   166  gpio.o(.text)
    GPIO_SetPinFunction                      0x07fc15f3   Thumb Code    60  gpio.o(.text)
    GPIO_GetPinFunction                      0x07fc162f   Thumb Code    18  gpio.o(.text)
    GPIO_SetInactive                         0x07fc1641   Thumb Code    54  gpio.o(.text)
    GPIO_SetActive                           0x07fc1677   Thumb Code    54  gpio.o(.text)
    GPIO_ConfigurePin                        0x07fc16ad   Thumb Code    78  gpio.o(.text)
    GPIO_ConfigurePinPower                   0x07fc16fb   Thumb Code    60  gpio.o(.text)
    GPIO_GetPinStatus                        0x07fc1737   Thumb Code    60  gpio.o(.text)
    GPIO_is_valid                            0x07fc1773   Thumb Code    28  gpio.o(.text)
    GPIO_EnableIRQ                           0x07fc178f   Thumb Code   266  gpio.o(.text)
    GPIO_GetIRQInputLevel                    0x07fc1899   Thumb Code   140  gpio.o(.text)
    GPIO_SetIRQInputLevel                    0x07fc1925   Thumb Code    68  gpio.o(.text)
    GPIO_ResetIRQ                            0x07fc1969   Thumb Code    32  gpio.o(.text)
    GPIO_RegisterCallback                    0x07fc1989   Thumb Code    20  gpio.o(.text)
    GPIOn_Handler                            0x07fc199d   Thumb Code    52  gpio.o(.text)
    GPIO0_Handler                            0x07fc19d1   Thumb Code     4  gpio.o(.text)
    GPIO1_Handler                            0x07fc19d5   Thumb Code     4  gpio.o(.text)
    GPIO2_Handler                            0x07fc19d9   Thumb Code     4  gpio.o(.text)
    GPIO3_Handler                            0x07fc19dd   Thumb Code     4  gpio.o(.text)
    GPIO4_Handler                            0x07fc19e1   Thumb Code     4  gpio.o(.text)
    GPIO_EnablePorPin                        0x07fc19e5   Thumb Code    52  gpio.o(.text)
    GPIO_DisablePorPin                       0x07fc1a19   Thumb Code     8  gpio.o(.text)
    GPIO_SetPorTime                          0x07fc1a21   Thumb Code    10  gpio.o(.text)
    GPIO_GetPorTime                          0x07fc1a2b   Thumb Code    10  gpio.o(.text)
    WKUP_QUADEC_Handler                      0x07fc1ad1   Thumb Code   142  wkupct_quadec.o(.text)
    wkupct_enable_irq                        0x07fc1b5f   Thumb Code    74  wkupct_quadec.o(.text)
    wkupct2_enable_irq                       0x07fc1ba9   Thumb Code    76  wkupct_quadec.o(.text)
    wkupct_disable_irq                       0x07fc1bf5   Thumb Code    16  wkupct_quadec.o(.text)
    wkupct2_disable_irq                      0x07fc1c05   Thumb Code    18  wkupct_quadec.o(.text)
    wkupct_register_callback                 0x07fc1c17   Thumb Code     6  wkupct_quadec.o(.text)
    wkupct2_register_callback                0x07fc1c1d   Thumb Code     6  wkupct_quadec.o(.text)
    quad_decoder_register_callback           0x07fc1c23   Thumb Code     6  wkupct_quadec.o(.text)
    quad_decoder_init                        0x07fc1c29   Thumb Code    58  wkupct_quadec.o(.text)
    quad_decoder_disable_irq                 0x07fc1c63   Thumb Code    12  wkupct_quadec.o(.text)
    quad_decoder_release                     0x07fc1c6f   Thumb Code    28  wkupct_quadec.o(.text)
    quad_decoder_enable_irq                  0x07fc1c8b   Thumb Code    42  wkupct_quadec.o(.text)
    quad_decoder_clear_irq                   0x07fc1cb5   Thumb Code    46  wkupct_quadec.o(.text)
    adc_temp_sensor_disable                  0x07fc1d19   Thumb Code    14  adc_531.o(.text)
    adc_temp_sensor_enable                   0x07fc1d27   Thumb Code    22  adc_531.o(.text)
    adc_set_diff_input                       0x07fc1d3d   Thumb Code    14  adc_531.o(.text)
    adc_set_se_input                         0x07fc1d4b   Thumb Code    16  adc_531.o(.text)
    adc_enable                               0x07fc1e57   Thumb Code    12  adc_531.o(.text)
    adc_init                                 0x07fc1e63   Thumb Code    54  adc_531.o(.text)
    adc_reset                                0x07fc1e99   Thumb Code    26  adc_531.o(.text)
    adc_input_shift_enable                   0x07fc1eb3   Thumb Code    20  adc_531.o(.text)
    adc_input_shift_disable                  0x07fc1ec7   Thumb Code    12  adc_531.o(.text)
    adc_input_shift_config                   0x07fc1ed3   Thumb Code    34  adc_531.o(.text)
    adc_register_interrupt                   0x07fc1ef5   Thumb Code    40  adc_531.o(.text)
    adc_unregister_interrupt                 0x07fc1f1d   Thumb Code    32  adc_531.o(.text)
    adc_disable                              0x07fc1f3d   Thumb Code    12  adc_531.o(.text)
    adc_start                                0x07fc1f49   Thumb Code    12  adc_531.o(.text)
    adc_get_sample                           0x07fc1f55   Thumb Code    24  adc_531.o(.text)
    adc_offset_calibrate                     0x07fc1f6d   Thumb Code   276  adc_531.o(.text)
    ADC_Handler                              0x07fc2081   Thumb Code    18  adc_531.o(.text)
    adc_correct_sample                       0x07fc2093   Thumb Code    36  adc_531.o(.text)
    adc_get_temp                             0x07fc20b7   Thumb Code   102  adc_531.o(.text)
    adc_get_temp_async                       0x07fc211d   Thumb Code    76  adc_531.o(.text)
    init_rand_seed_from_trng                 0x07fc2205   Thumb Code   114  trng.o(.text)
    systick_register_callback                0x07fc2289   Thumb Code     6  systick.o(.text)
    SysTick_Handler                          0x07fc228f   Thumb Code    12  systick.o(.text)
    systick_start                            0x07fc229b   Thumb Code    60  systick.o(.text)
    systick_stop                             0x07fc22d7   Thumb Code    20  systick.o(.text)
    systick_wait                             0x07fc22eb   Thumb Code    22  systick.o(.text)
    systick_value                            0x07fc2301   Thumb Code    10  systick.o(.text)
    UART2_Handler                            0x07fc2399   Thumb Code    10  uart.o(.text)
    uart_enable                              0x07fc23a3   Thumb Code    48  uart.o(.text)
    uart_disable                             0x07fc23d3   Thumb Code    52  uart.o(.text)
    uart_baudrate_setf                       0x07fc2407   Thumb Code    50  uart.o(.text)
    uart_register_tx_cb                      0x07fc2439   Thumb Code    22  uart.o(.text)
    uart_register_rx_cb                      0x07fc244f   Thumb Code    22  uart.o(.text)
    uart_register_err_cb                     0x07fc2465   Thumb Code    22  uart.o(.text)
    uart_initialize                          0x07fc247b   Thumb Code   166  uart.o(.text)
    uart_write_byte                          0x07fc2521   Thumb Code    14  uart.o(.text)
    uart_write_buffer                        0x07fc252f   Thumb Code    30  uart.o(.text)
    uart_send                                0x07fc254d   Thumb Code   112  uart.o(.text)
    uart_wait_tx_finish                      0x07fc25bd   Thumb Code    12  uart.o(.text)
    uart_read_byte                           0x07fc25c9   Thumb Code    14  uart.o(.text)
    uart_read_buffer                         0x07fc25d7   Thumb Code    28  uart.o(.text)
    uart_receive                             0x07fc25f3   Thumb Code   112  uart.o(.text)
    uart_enable_flow_control                 0x07fc2663   Thumb Code    32  uart.o(.text)
    uart_disable_flow_control                0x07fc2683   Thumb Code   104  uart.o(.text)
    hw_otpc_enter_mode                       0x07fc2867   Thumb Code    76  hw_otpc_531.o(.text)
    hw_otpc_is_dcdc_reserved                 0x07fc28b3   Thumb Code     6  hw_otpc_531.o(.text)
    hw_otpc_clear_dcdc_reserved              0x07fc28b9   Thumb Code     8  hw_otpc_531.o(.text)
    hw_otpc_set_speed                        0x07fc28c1   Thumb Code    28  hw_otpc_531.o(.text)
    hw_otpc_init                             0x07fc28dd   Thumb Code    96  hw_otpc_531.o(.text)
    hw_otpc_word_prog_and_verify             0x07fc293d   Thumb Code    86  hw_otpc_531.o(.text)
    hw_otpc_word_read                        0x07fc2993   Thumb Code    44  hw_otpc_531.o(.text)
    hw_otpc_prog                             0x07fc29bf   Thumb Code    74  hw_otpc_531.o(.text)
    hw_otpc_prog_and_verify                  0x07fc2a49   Thumb Code    68  hw_otpc_531.o(.text)
    hw_otpc_read                             0x07fc2a8d   Thumb Code    66  hw_otpc_531.o(.text)
    hw_otpc_disable                          0x07fc2acf   Thumb Code   110  hw_otpc_531.o(.text)
    i2c_setup_slave                          0x07fc2b59   Thumb Code    44  i2c.o(.text)
    i2c_setup_master                         0x07fc2b85   Thumb Code    68  i2c.o(.text)
    i2c_init                                 0x07fc2bc9   Thumb Code   204  i2c.o(.text)
    i2c_release                              0x07fc2c95   Thumb Code    34  i2c.o(.text)
    i2c_master_transmit_buffer_sync          0x07fc2cb7   Thumb Code   114  i2c.o(.text)
    i2c_master_receive_buffer_sync           0x07fc2d29   Thumb Code   116  i2c.o(.text)
    i2c_register_int                         0x07fc2d9d   Thumb Code    12  i2c.o(.text)
    i2c_unregister_int                       0x07fc2da9   Thumb Code    18  i2c.o(.text)
    i2c_master_transmit_buffer_async         0x07fc2e67   Thumb Code    54  i2c.o(.text)
    i2c_master_receive_buffer_async          0x07fc2f51   Thumb Code    34  i2c.o(.text)
    i2c_slave_receive_buffer_sync            0x07fc2f73   Thumb Code    38  i2c.o(.text)
    i2c_slave_transmit_buffer_sync           0x07fc2f99   Thumb Code    86  i2c.o(.text)
    i2c_slave_receive_buffer_async           0x07fc3043   Thumb Code    26  i2c.o(.text)
    i2c_slave_transmit_buffer_async          0x07fc30e1   Thumb Code    32  i2c.o(.text)
    I2C_Handler                              0x07fc3101   Thumb Code    28  i2c.o(.text)
    lld_sleep_compensate_func                0x07fc3151   Thumb Code    82  rwble.o(.text)
    power_up                                 0x07fc31a3   Thumb Code    70  rwble.o(.text)
    BLE_WAKEUP_LP_Handler                    0x07fc31e9   Thumb Code    58  rwble.o(.text)
    rwble_isr                                0x07fc3223   Thumb Code   224  rwble.o(.text)
    patched_ble_regs_push                    0x07fc332d   Thumb Code    16  rwip.o(.text)
    patched_ble_regs_pop                     0x07fc333d   Thumb Code    16  rwip.o(.text)
    rwip_sleep                               0x07fc334d   Thumb Code   378  rwip.o(.text)
    rf_reg_rd                                0x07fc350d   Thumb Code     4  ble_arp.o(.text)
    rf_reg_wr                                0x07fc3511   Thumb Code     2  ble_arp.o(.text)
    rf_init_func                             0x07fc35ad   Thumb Code   158  ble_arp.o(.text)
    rf_reinit_func                           0x07fc364b   Thumb Code    88  ble_arp.o(.text)
    ble_init_arp_func                        0x07fc36a3   Thumb Code    36  ble_arp.o(.text)
    rf_recalibration                         0x07fc36c7   Thumb Code    32  ble_arp.o(.text)
    set_recommended_settings                 0x07fc37dd   Thumb Code   410  rf_531.o(.text)
    dcoff_calibration                        0x07fc3977   Thumb Code   258  rf_531.o(.text)
    dis_adpll                                0x07fc3a79   Thumb Code    46  rf_531.o(.text)
    kdtc_cal_end                             0x07fc3aa7   Thumb Code    74  rf_531.o(.text)
    dis_kdtc_cal                             0x07fc3af1   Thumb Code    12  rf_531.o(.text)
    en_hclk                                  0x07fc3afd   Thumb Code     8  rf_531.o(.text)
    en_adpll_tx                              0x07fc3b05   Thumb Code    58  rf_531.o(.text)
    dis_hclk                                 0x07fc3b3f   Thumb Code    22  rf_531.o(.text)
    en_kdtc_cal_mod0                         0x07fc3b55   Thumb Code    22  rf_531.o(.text)
    en_kdtc_cal_mod1                         0x07fc3b6b   Thumb Code     8  rf_531.o(.text)
    kdtc_cal_init                            0x07fc3b73   Thumb Code   214  rf_531.o(.text)
    kdtc_calibration                         0x07fc3c49   Thumb Code   284  rf_531.o(.text)
    kdco_calibration                         0x07fc3d65   Thumb Code   386  rf_531.o(.text)
    rf_calibration                           0x07fc3ee7   Thumb Code     2  rf_531.o(.text)
    rf_power_up                              0x07fc3ee9   Thumb Code     2  rf_531.o(.text)
    rf_power_down                            0x07fc3eeb   Thumb Code     2  rf_531.o(.text)
    rf_adplldig_ldo_on                       0x07fc3eed   Thumb Code     8  rf_531.o(.text)
    rf_adplldig_txmod                        0x07fc3ef5   Thumb Code    12  rf_531.o(.text)
    kdco_cal_init                            0x07fc3f01   Thumb Code    26  rf_531.o(.text)
    kdco_cal_end                             0x07fc3f1b   Thumb Code    20  rf_531.o(.text)
    dis_kdco_cal                             0x07fc3f2f   Thumb Code    22  rf_531.o(.text)
    rf_ldo_cont_mode_en                      0x07fc3f45   Thumb Code    78  rf_531.o(.text)
    rf_adplldig_activate                     0x07fc3f93   Thumb Code    38  rf_531.o(.text)
    rf_adplldig_deactivate                   0x07fc3fb9   Thumb Code    12  rf_531.o(.text)
    rf_pa_pwr_set                            0x07fc3fc5   Thumb Code     6  rf_531.o(.text)
    rf_pa_pwr_get                            0x07fc3fcb   Thumb Code     6  rf_531.o(.text)
    rf_nfm_is_enabled                        0x07fc3fd1   Thumb Code     6  rf_531.o(.text)
    rf_nfm_enable                            0x07fc3fd7   Thumb Code    24  rf_531.o(.text)
    rf_nfm_disable                           0x07fc3fef   Thumb Code    18  rf_531.o(.text)
    prf_init_func                            0x07fc4145   Thumb Code    96  prf.o(.text)
    prf_create_func                          0x07fc41a5   Thumb Code    54  prf.o(.text)
    default_advertise_operation              0x07fc41e5   Thumb Code     8  app_default_handlers.o(.text)
    default_app_on_init                      0x07fc41ed   Thumb Code    18  app_default_handlers.o(.text)
    default_app_on_connection                0x07fc41ff   Thumb Code    28  app_default_handlers.o(.text)
    default_app_on_disconnect                0x07fc421b   Thumb Code     8  app_default_handlers.o(.text)
    default_app_on_set_dev_config_complete   0x07fc4223   Thumb Code    16  app_default_handlers.o(.text)
    default_app_on_db_init_complete          0x07fc4233   Thumb Code     8  app_default_handlers.o(.text)
    default_app_on_get_dev_name              0x07fc423b   Thumb Code    18  app_default_handlers.o(.text)
    default_app_on_get_dev_appearance        0x07fc424d   Thumb Code     8  app_default_handlers.o(.text)
    default_app_on_get_dev_slv_pref_params   0x07fc4255   Thumb Code    18  app_default_handlers.o(.text)
    default_app_on_set_dev_info              0x07fc4267   Thumb Code    46  app_default_handlers.o(.text)
    default_app_update_params_request        0x07fc4295   Thumb Code    12  app_default_handlers.o(.text)
    default_app_generate_static_random_addr  0x07fc42a1   Thumb Code    48  app_default_handlers.o(.text)
    default_app_generate_unique_static_random_addr 0x07fc42d1   Thumb Code   126  app_default_handlers.o(.text)
    default_app_on_pairing_request           0x07fc434f   Thumb Code     8  app_default_handlers.o(.text)
    default_app_on_tk_exch                   0x07fc4357   Thumb Code    48  app_default_handlers.o(.text)
    default_app_on_csrk_exch                 0x07fc4387   Thumb Code     8  app_default_handlers.o(.text)
    default_app_on_ltk_exch                  0x07fc438f   Thumb Code    24  app_default_handlers.o(.text)
    default_app_on_encrypt_req_ind           0x07fc43a7   Thumb Code    46  app_default_handlers.o(.text)
    default_app_on_pairing_succeeded         0x07fc43d5   Thumb Code    24  app_default_handlers.o(.text)
    default_app_on_addr_solved_ind           0x07fc43ed   Thumb Code    48  app_default_handlers.o(.text)
    default_app_on_addr_resolve_failed       0x07fc441d   Thumb Code     8  app_default_handlers.o(.text)
    default_app_on_ral_cmp_evt               0x07fc4425   Thumb Code    16  app_default_handlers.o(.text)
    app_db_init_next                         0x07fc4479   Thumb Code   164  app.o(.text)
    app_prf_enable                           0x07fc451d   Thumb Code   136  app.o(.text)
    app_init                                 0x07fc47bb   Thumb Code    72  app.o(.text)
    app_easy_gap_undirected_advertise_get_active 0x07fc4803   Thumb Code     2  app.o(.text)
    app_easy_gap_undirected_advertise_start  0x07fc4805   Thumb Code    26  app.o(.text)
    app_easy_gap_directed_advertise_get_active 0x07fc481f   Thumb Code     2  app.o(.text)
    app_easy_gap_directed_advertise_start    0x07fc4821   Thumb Code   100  app.o(.text)
    app_easy_gap_non_connectable_advertise_get_active 0x07fc4885   Thumb Code     2  app.o(.text)
    app_easy_gap_non_connectable_advertise_start 0x07fc4887   Thumb Code    36  app.o(.text)
    app_easy_gap_undirected_advertise_with_timeout_start 0x07fc48ab   Thumb Code    40  app.o(.text)
    app_easy_gap_advertise_with_timeout_stop 0x07fc48d3   Thumb Code    22  app.o(.text)
    app_easy_gap_param_update_get_active     0x07fc48e9   Thumb Code     2  app.o(.text)
    app_easy_gap_param_update_start          0x07fc48eb   Thumb Code    24  app.o(.text)
    app_easy_gap_start_connection_to_get_active 0x07fc4903   Thumb Code     2  app.o(.text)
    app_easy_gap_start_connection_to_set     0x07fc4905   Thumb Code    38  app.o(.text)
    app_easy_gap_start_connection_to         0x07fc492b   Thumb Code    18  app.o(.text)
    app_easy_gap_dev_config_get_active       0x07fc493d   Thumb Code     2  app.o(.text)
    app_easy_gap_dev_configure               0x07fc493f   Thumb Code    18  app.o(.text)
    app_easy_gap_get_peer_features           0x07fc4951   Thumb Code    26  app.o(.text)
    app_gap_process_handler                  0x07fc4b4f   Thumb Code    24  app_task.o(.text)
    app_sec_gen_tk                           0x07fc4b7d   Thumb Code    18  app_security.o(.text)
    app_sec_gen_ltk                          0x07fc4b8f   Thumb Code    54  app_security.o(.text)
    app_sec_gen_csrk                         0x07fc4bc5   Thumb Code    32  app_security.o(.text)
    app_sec_process_handler                  0x07fc4d01   Thumb Code    24  app_security_task.o(.text)
    app_dis_init                             0x07fc4d25   Thumb Code     2  app_diss.o(.text)
    app_diss_create_db                       0x07fc4d27   Thumb Code    54  app_diss.o(.text)
    app_diss_process_handler                 0x07fc4dd5   Thumb Code    24  app_diss_task.o(.text)
    app_check_BLE_active                     0x07fc4e41   Thumb Code    36  app_msg_utils.o(.text)
    app_msg_send_wakeup_ble                  0x07fc4e65   Thumb Code    24  app_msg_utils.o(.text)
    app_easy_msg_free_callback               0x07fc4e81   Thumb Code    30  app_easy_msg_utils.o(.text)
    app_easy_msg_set                         0x07fc4e9f   Thumb Code    38  app_easy_msg_utils.o(.text)
    app_easy_msg_modify                      0x07fc4ec5   Thumb Code    30  app_easy_msg_utils.o(.text)
    app_easy_wakeup_set                      0x07fc4ee3   Thumb Code    30  app_easy_msg_utils.o(.text)
    app_easy_wakeup_free                     0x07fc4f01   Thumb Code    18  app_easy_msg_utils.o(.text)
    app_easy_wakeup                          0x07fc4f13   Thumb Code    22  app_easy_msg_utils.o(.text)
    app_msg_utils_api_process_handler        0x07fc4f29   Thumb Code    52  app_easy_msg_utils.o(.text)
    app_easy_security_pairing_rsp_get_active 0x07fc4fb3   Thumb Code     2  app_easy_security.o(.text)
    app_easy_security_send_pairing_rsp       0x07fc4fb5   Thumb Code    22  app_easy_security.o(.text)
    app_easy_security_tk_get_active          0x07fc4ff3   Thumb Code     2  app_easy_security.o(.text)
    app_easy_security_tk_exch                0x07fc4ff5   Thumb Code    58  app_easy_security.o(.text)
    app_easy_security_csrk_get_active        0x07fc5075   Thumb Code     2  app_easy_security.o(.text)
    app_easy_security_csrk_exch              0x07fc5077   Thumb Code    24  app_easy_security.o(.text)
    app_easy_security_ltk_exch_get_active    0x07fc50bb   Thumb Code     2  app_easy_security.o(.text)
    app_easy_security_ltk_exch               0x07fc50bd   Thumb Code    24  app_easy_security.o(.text)
    app_easy_security_set_ltk_exch_from_sec_env 0x07fc50d5   Thumb Code    52  app_easy_security.o(.text)
    app_easy_security_set_ltk_exch           0x07fc5109   Thumb Code    42  app_easy_security.o(.text)
    app_easy_security_encrypt_cfm            0x07fc5159   Thumb Code    24  app_easy_security.o(.text)
    app_easy_security_encrypt_cfm_get_active 0x07fc5171   Thumb Code     2  app_easy_security.o(.text)
    app_easy_security_set_encrypt_req_valid  0x07fc5173   Thumb Code    36  app_easy_security.o(.text)
    app_easy_security_set_encrypt_req_invalid 0x07fc5197   Thumb Code    12  app_easy_security.o(.text)
    app_easy_security_request_get_active     0x07fc51a3   Thumb Code    46  app_easy_security.o(.text)
    app_easy_security_request                0x07fc51d1   Thumb Code    24  app_easy_security.o(.text)
    app_easy_security_accept_encryption      0x07fc51e9   Thumb Code    38  app_easy_security.o(.text)
    app_easy_security_reject_encryption      0x07fc520f   Thumb Code    22  app_easy_security.o(.text)
    app_easy_security_bdb_get_stored_irks    0x07fc5225   Thumb Code     4  app_easy_security.o(.text)
    app_easy_security_bdb_get_number_of_stored_irks 0x07fc5229   Thumb Code     4  app_easy_security.o(.text)
    app_easy_security_resolve_bdaddr         0x07fc522d   Thumb Code     4  app_easy_security.o(.text)
    app_easy_security_ral_op                 0x07fc5231   Thumb Code    66  app_easy_security.o(.text)
    app_easy_security_bdb_init               0x07fc5273   Thumb Code     2  app_easy_security.o(.text)
    app_easy_security_bdb_get_size           0x07fc5275   Thumb Code     4  app_easy_security.o(.text)
    app_easy_security_bdb_add_entry          0x07fc5279   Thumb Code     2  app_easy_security.o(.text)
    app_easy_security_bdb_remove_entry       0x07fc527b   Thumb Code     2  app_easy_security.o(.text)
    app_easy_security_bdb_search_entry       0x07fc527d   Thumb Code     4  app_easy_security.o(.text)
    app_easy_security_bdb_get_device_info_from_slot 0x07fc5281   Thumb Code     4  app_easy_security.o(.text)
    app_easy_security_ral_sync_with_bdb      0x07fc5285   Thumb Code     2  app_easy_security.o(.text)
    app_timer_api_process_handler            0x07fc52d5   Thumb Code   172  app_easy_timer.o(.text)
    app_easy_timer                           0x07fc5381   Thumb Code    62  app_easy_timer.o(.text)
    app_easy_timer_cancel                    0x07fc53bf   Thumb Code    70  app_easy_timer.o(.text)
    app_easy_timer_modify                    0x07fc5405   Thumb Code   100  app_easy_timer.o(.text)
    app_easy_timer_cancel_all                0x07fc5469   Thumb Code    38  app_easy_timer.o(.text)
    custs_get_func_callbacks                 0x07fc54f9   Thumb Code    34  app_customs.o(.text)
    app_custs1_init                          0x07fc551b   Thumb Code     2  app_customs.o(.text)
    app_custs1_create_db                     0x07fc551d   Thumb Code    54  app_customs.o(.text)
    app_custs1_process_handler               0x07fc555d   Thumb Code    24  app_customs_task.o(.text)
    app_get_address_type                     0x07fc5575   Thumb Code    20  app_utils.o(.text)
    app_fill_random_byte_array               0x07fc5589   Thumb Code    12  app_utils.o(.text)
    GPIO_reservations                        0x07fc5595   Thumb Code   152  user_periph_setup.o(.text)
    set_pad_functions                        0x07fc562d   Thumb Code    70  user_periph_setup.o(.text)
    periph_init                              0x07fc5673   Thumb Code    30  user_periph_setup.o(.text)
    control_LED                              0x07fc57d9   Thumb Code    26  user_empty_peripheral_template.o(.text)
    user_on_connection                       0x07fc57f3   Thumb Code    64  user_empty_peripheral_template.o(.text)
    user_on_disconnect                       0x07fc5833   Thumb Code    18  user_empty_peripheral_template.o(.text)
    user_get_bdaddr                          0x07fc5845   Thumb Code    20  user_empty_peripheral_template.o(.text)
    user_advertise_operation                 0x07fc5859   Thumb Code    86  user_empty_peripheral_template.o(.text)
    user_catch_rest_hndl                     0x07fc58af   Thumb Code   170  user_empty_peripheral_template.o(.text)
    user_svc1_read_lc_val_handler            0x07fc5991   Thumb Code    80  user_custs1_impl.o(.text)
    user_svc1_read_lc_base_val_handler       0x07fc59e1   Thumb Code    68  user_custs1_impl.o(.text)
    user_svc1_read_lc_max_val_handler        0x07fc5a25   Thumb Code    68  user_custs1_impl.o(.text)
    user_svc1_read_lc_num_vals_handler       0x07fc5a69   Thumb Code    68  user_custs1_impl.o(.text)
    user_svc1_read_lc_ts_handler             0x07fc5aad   Thumb Code    80  user_custs1_impl.o(.text)
    new_load_cell                            0x07fc5b1d   Thumb Code    64  user_hx711.o(.text)
    set_calibrate_lc                         0x07fc5b5d   Thumb Code    12  user_hx711.o(.text)
    JT_lld_test_mode_rx_func                 0x07fc5b6d   Thumb Code   142  patch.o(.text)
    JT_l2cc_pdu_unpack_func                  0x07fc5bfb   Thumb Code   786  patch.o(.text)
    JT_l2cc_pdu_recv_ind_handler_func        0x07fc5f0d   Thumb Code    72  patch.o(.text)
    PATCHED_llm_con_req_ind                  0x07fc5f55   Thumb Code   816  patch.o(.text)
    PATCHED_smpc_recv_public_key_exchange_pdu 0x07fc6395   Thumb Code   106  patch.o(.text)
    PATCHED_llc_data_ind_handler             0x07fc63ff   Thumb Code   176  patch.o(.text)
    PATCHED_llcp_length_req_handler          0x07fc64af   Thumb Code   118  patch.o(.text)
    PATCHED_llcp_length_rsp_handler          0x07fc6525   Thumb Code   134  patch.o(.text)
    JT_llc_le_length_effective_func          0x07fc65ab   Thumb Code   188  patch.o(.text)
    lld_drop_packet_fix                      0x07fc6667   Thumb Code    64  patch.o(.text)
    PATCHED_lld_data_ind_handler             0x07fc66a7   Thumb Code    58  patch.o(.text)
    patch_func                               0x07fc66e1   Thumb Code    44  patch.o(.text)
    patch_global_vars_init                   0x07fc670d   Thumb Code     2  patch.o(.text)
    __scatterload                            0x07fc673d   Thumb Code    28  init.o(.text)
    __scatterload_rt2                        0x07fc673d   Thumb Code     0  init.o(.text)
    __ARM_common_ll_muluu                    0x07fc6761   Thumb Code    48  arch_system.o(i.__ARM_common_ll_muluu)
    __scatterload_copy                       0x07fc6791   Thumb Code    14  handlers.o(i.__scatterload_copy)
    __scatterload_null                       0x07fc679f   Thumb Code     2  handlers.o(i.__scatterload_null)
    __scatterload_zeroinit                   0x07fc67a1   Thumb Code    14  handlers.o(i.__scatterload_zeroinit)
    malloc                                   0x07fc67b1   Thumb Code    92  malloc.o(i.malloc)
    rom_nvds_cfg                             0x07fc682c   Data           8  nvds.o(.constdata)
    rom_func_addr_table_var                  0x07fc6834   Data         380  jump_table.o(.constdata)
    rom_cfg_table_var                        0x07fc69b0   Data         236  jump_table.o(.constdata)
    my_custom_msg_handlers                   0x07fc6aac   Data          40  arch_rom.o(.constdata)
    arp_init_table                           0x07fc6b34   Data         112  ble_arp.o(.constdata)
    rom_cust_prf_cfg                         0x07fc6ba4   Data          16  custs1.o(.constdata)
    custs1_default_state                     0x07fc6bb4   Data          72  custs1_task.o(.constdata)
    custs1_default_handler                   0x07fc6bfc   Data           8  custs1_task.o(.constdata)
    prf_if                                   0x07fc6c04   Data          24  prf.o(.constdata)
    rom_prf_cfg                              0x07fc6c1c   Data          12  prf.o(.constdata)
    prf_funcs                                0x07fc6c70   Data          24  app.o(.constdata)
    app_process_handlers                     0x07fc6de0   Data          28  app_entry_point.o(.constdata)
    rom_app_task_cfg                         0x07fc6dfc   Data          32  app_entry_point.o(.constdata)
    cust_prf_funcs                           0x07fc6e24   Data          56  user_custs_config.o(.constdata)
    custs1_services                          0x07fc6ee4   Data           2  user_custs1_def.o(.constdata)
    custs1_services_size                     0x07fc6ee6   Data           1  user_custs1_def.o(.constdata)
    custs1_att_db                            0x07fc6ee8   Data         460  user_custs1_def.o(.constdata)
    Region$$Table$$Base                      0x07fc7184   Number         0  anon$$obj.o(Region$$Table)
    Region$$Table$$Limit                     0x07fc71a4   Number         0  anon$$obj.o(Region$$Table)
    SystemCoreClock                          0x07fc71a4   Data           4  system_da14531.o(.data)
    startup_sleep_delay                      0x07fc71a8   Data           4  arch_system.o(.data)
    pa_en_dcf_tx_setting                     0x07fc71ac   Data           1  rf_531.o(.data)
    baseline                                 0x07fc71b0   Data           4  user_empty_peripheral_template.o(.data)
    __microlib_freelist                      0x07fc71b4   Data           4  mvars.o(.data)
    __microlib_freelist_initialised          0x07fc71b8   Data           4  mvars.o(.data)
    otp_hdr_timestamp                        0x07fc71c0   Data           4  arch_system.o(.bss)
    twirq_set_value                          0x07fc71c4   Data           4  arch_system.o(.bss)
    twirq_reset_value                        0x07fc71c8   Data           4  arch_system.o(.bss)
    syscntl_dcdc_state                       0x07fc71d0   Data           2  syscntl.o(.bss)
    twext_value                              0x07fc7218   Data           4  rwip.o(.bss)
    calibration_res                          0x07fc7220   Data          42  rf_531.o(.bss)
    systick_initialized                      0x07fc724c   Data           1  user_empty_peripheral_template.o(.bss)
    baseline_set                             0x07fc724d   Data           1  user_empty_peripheral_template.o(.bss)
    val_ready                                0x07fc724e   Data           1  user_empty_peripheral_template.o(.bss)
    clock_count                              0x07fc7250   Data           4  user_empty_peripheral_template.o(.bss)
    prep_count                               0x07fc7254   Data           4  user_empty_peripheral_template.o(.bss)
    wait_count                               0x07fc7258   Data           4  user_empty_peripheral_template.o(.bss)
    num_reads                                0x07fc725c   Data           4  user_empty_peripheral_template.o(.bss)
    temp_load                                0x07fc7260   Data           4  user_empty_peripheral_template.o(.bss)
    load                                     0x07fc7264   Data           4  user_empty_peripheral_template.o(.bss)
    new_max_val_read_count                   0x07fc7268   Data           4  user_empty_peripheral_template.o(.bss)
    num_vals_lc                              0x07fc726c   Data           4  user_empty_peripheral_template.o(.bss)
    num_vals_ts                              0x07fc7270   Data           4  user_empty_peripheral_template.o(.bss)
    usec_update_counter                      0x07fc7274   Data           4  user_empty_peripheral_template.o(.bss)
    sec_timestamp_counter                    0x07fc7278   Data           4  user_empty_peripheral_template.o(.bss)
    sec_timestamp                            0x07fc727c   Data           4  user_empty_peripheral_template.o(.bss)
    load_cell_2kg_p                          0x07fc7280   Data           4  user_empty_peripheral_template.o(.bss)
    new_load                                 0x07fc7284   Data           4  user_empty_peripheral_template.o(.bss)
    new_max_val                              0x07fc7288   Data           4  user_empty_peripheral_template.o(.bss)
    load_array                               0x07fc728c   Data         200  user_empty_peripheral_template.o(.bss)
    timestamp_array                          0x07fc7354   Data         200  user_empty_peripheral_template.o(.bss)
    __heap_base                              0x07fc7420   Data           0  startup_da14531.o(HEAP)
    __heap_limit                             0x07fc7520   Data           0  startup_da14531.o(HEAP)
    __initial_sp                             0x07fc7b20   Data           0  startup_da14531.o(STACK)
    heap_mem_area_not_ret$$Base              0x07fc7b20   Number         0  jump_table.o(heap_mem_area_not_ret)
    rwip_heap_non_ret                        0x07fc7b20   Data        1036  jump_table.o(heap_mem_area_not_ret)
    Image$$RET_DATA_UNINIT$$Base             0x07fc8bc0   Number         0  anon$$obj.o ABSOLUTE
    sys_startup_flag                         0x07fc8bd0   Data           1  arch_system.o(retention_mem_area0)
    last_temp                                0x07fc8bd1   Data           1  arch_system.o(retention_mem_area0)
    rcx_cal_in_progress                      0x07fc8bd2   Data           1  arch_system.o(retention_mem_area0)
    clk_freq_trim_reg_value                  0x07fc8bd4   Data           2  arch_system.o(retention_mem_area0)
    arch_wkupct_deb_time                     0x07fc8bd6   Data           2  arch_system.o(retention_mem_area0)
    xtal_wait_trim                           0x07fc8bd8   Data           2  arch_system.o(retention_mem_area0)
    last_temp_time                           0x07fc8be0   Data           4  arch_system.o(retention_mem_area0)
    lp_clk_sel                               0x07fc8be4   Data           4  arch_system.o(retention_mem_area0)
    rcx_freq                                 0x07fc8be8   Data           4  arch_system.o(retention_mem_area0)
    rcx_period                               0x07fc8bec   Data           4  arch_system.o(retention_mem_area0)
    dev_bdaddr                               0x07fc8bf0   Data           6  arch_system.o(retention_mem_area0)
    rcx_slot_duration                        0x07fc8bf8   Data           8  arch_system.o(retention_mem_area0)
    heap_log                                 0x07fc8c00   Data           2  arch_rom.o(retention_mem_area0)
    GPIO_status                              0x07fc8c60   Data           8  gpio.o(retention_mem_area0)
    GPIO                                     0x07fc8c68   Data          48  gpio.o(retention_mem_area0)
    GPIOHandlerFunction                      0x07fc8c98   Data          20  gpio.o(retention_mem_area0)
    callback_function                        0x07fc8cbc   Data           4  systick.o(retention_mem_area0)
    arch_rwble_last_event                    0x07fc8d04   Data           1  rwble.o(retention_mem_area0)
    ble_finetim_corr                         0x07fc8d08   Data           4  rwble.o(retention_mem_area0)
    sleep_lp_cycles                          0x07fc8d0c   Data           4  rwip.o(retention_mem_area0)
    retained_BLE_EM_BASE_REG                 0x07fc8d10   Data           4  rwip.o(retention_mem_area0)
    slp_period_retained                      0x07fc8d14   Data           4  rwip.o(retention_mem_area0)
    prf_env                                  0x07fc8d20   Data          48  prf.o(retention_mem_area0)
    app_env                                  0x07fc8d6e   Data          12  app.o(retention_mem_area0)
    device_info                              0x07fc8d7a   Data          36  app.o(retention_mem_area0)
    app_prf_srv_perm                         0x07fc8d9e   Data          20  app.o(retention_mem_area0)
    app_state                                0x07fc8db2   Data           1  app_task.o(retention_mem_area0)
    app_sec_env                              0x07fc8db4   Data         122  app_security.o(retention_mem_area0)
    lld_force_timeout_refresh                0x07fc8eb0   Data           3  patch.o(retention_mem_area0)
    heap_db_area$$Base                       0x07fc8eb4   Number         0  jump_table.o(heap_db_area)
    rwip_heap_db_ret                         0x07fc8eb4   Data        1036  jump_table.o(heap_db_area)
    rwip_heap_env_ret                        0x07fc92c0   Data         696  jump_table.o(heap_env_area)
    rwip_heap_msg_ret                        0x07fc9578   Data        1404  jump_table.o(heap_msg_area)
    dummy                                    0x07fc9c00   Data           0  da14531_symbols.txt ABSOLUTE
    trng_state_val                           0x07fcb89c   Data           4  trng.o(trng_state)
    ble_wakeup_executed                      0x07fcb900   Data           0  da14531_symbols.txt ABSOLUTE
    rf_in_sleep                              0x07fcb901   Data           0  da14531_symbols.txt ABSOLUTE
    custom_preinit                           0x07fcb904   Data           0  da14531_symbols.txt ABSOLUTE
    custom_postinit                          0x07fcb908   Data           0  da14531_symbols.txt ABSOLUTE
    custom_appinit                           0x07fcb90c   Data           0  da14531_symbols.txt ABSOLUTE
    custom_preloop                           0x07fcb910   Data           0  da14531_symbols.txt ABSOLUTE
    custom_preschedule                       0x07fcb914   Data           0  da14531_symbols.txt ABSOLUTE
    custom_postschedule                      0x07fcb918   Data           0  da14531_symbols.txt ABSOLUTE
    custom_postschedule_async                0x07fcb91c   Data           0  da14531_symbols.txt ABSOLUTE
    custom_presleepcheck                     0x07fcb920   Data           0  da14531_symbols.txt ABSOLUTE
    custom_appsleepset                       0x07fcb924   Data           0  da14531_symbols.txt ABSOLUTE
    custom_postsleepcheck                    0x07fcb928   Data           0  da14531_symbols.txt ABSOLUTE
    custom_presleepenter                     0x07fcb92c   Data           0  da14531_symbols.txt ABSOLUTE
    custom_postsleepexit                     0x07fcb930   Data           0  da14531_symbols.txt ABSOLUTE
    custom_prewakeup                         0x07fcb934   Data           0  da14531_symbols.txt ABSOLUTE
    custom_postwakeup                        0x07fcb938   Data           0  da14531_symbols.txt ABSOLUTE
    custom_preidlecheck                      0x07fcb93c   Data           0  da14531_symbols.txt ABSOLUTE
    custom_pti_set                           0x07fcb940   Data           0  da14531_symbols.txt ABSOLUTE
    REG_BLE_EM_TX_BUFFER_SIZE                0x07fcb944   Data           0  da14531_symbols.txt ABSOLUTE
    REG_BLE_EM_RX_BUFFER_SIZE                0x07fcb948   Data           0  da14531_symbols.txt ABSOLUTE
    _ble_base                                0x07fcb94c   Data           0  da14531_symbols.txt ABSOLUTE
    gap_cfg_user                             0x07fcb950   Data           0  da14531_symbols.txt ABSOLUTE
    rom_func_addr_table                      0x07fcb954   Data           0  da14531_symbols.txt ABSOLUTE
    rom_cfg_table                            0x07fcb958   Data           0  da14531_symbols.txt ABSOLUTE
    BLE_TX_DESC_DATA_USER                    0x07fcb95c   Data           0  da14531_symbols.txt ABSOLUTE
    BLE_TX_DESC_CNTL_USER                    0x07fcb960   Data           0  da14531_symbols.txt ABSOLUTE
    LLM_LE_ADV_DUMMY_IDX                     0x07fcb964   Data           0  da14531_symbols.txt ABSOLUTE
    LLM_LE_SCAN_CON_REQ_ADV_DIR_IDX          0x07fcb968   Data           0  da14531_symbols.txt ABSOLUTE
    LLM_LE_SCAN_RSP_IDX                      0x07fcb96c   Data           0  da14531_symbols.txt ABSOLUTE
    LLM_LE_ADV_IDX                           0x07fcb970   Data           0  da14531_symbols.txt ABSOLUTE
    length_exchange_needed                   0x07fcb974   Data           0  da14531_symbols.txt ABSOLUTE
    enh_con_cmp_cnt                          0x07fcb978   Data           0  da14531_symbols.txt ABSOLUTE
    rx_pkt_cnt                               0x07fcb980   Data           0  da14531_symbols.txt ABSOLUTE
    rx_pkt_cnt_bad                           0x07fcb984   Data           0  da14531_symbols.txt ABSOLUTE
    rx_pkt_cnt_bad_adv                       0x07fcb988   Data           0  da14531_symbols.txt ABSOLUTE
    rx_pkt_cnt_bad_scn                       0x07fcb98c   Data           0  da14531_symbols.txt ABSOLUTE
    rx_pkt_cnt_bad_oth                       0x07fcb990   Data           0  da14531_symbols.txt ABSOLUTE
    rx_pkt_cnt_bad_wo_sync_err               0x07fcb994   Data           0  da14531_symbols.txt ABSOLUTE
    rx_pkt_cnt_bad_con                       0x07fcb998   Data           0  da14531_symbols.txt ABSOLUTE
    connect_req_cnt                          0x07fcb99c   Data           0  da14531_symbols.txt ABSOLUTE
    last_status                              0x07fcb9a0   Data           0  da14531_symbols.txt ABSOLUTE
    llc_state                                0x07fcb9a4   Data           0  da14531_symbols.txt ABSOLUTE
    lld_sleep_env                            0x07fcb9a8   Data           0  da14531_symbols.txt ABSOLUTE
    lld_wlcoex_enable                        0x07fcb9ac   Data           0  da14531_symbols.txt ABSOLUTE
    ble_duplicate_filter_max                 0x07fcb9b0   Data           0  da14531_symbols.txt ABSOLUTE
    ble_duplicate_filter_found               0x07fcb9b1   Data           0  da14531_symbols.txt ABSOLUTE
    alter_conn_adv_all_cnt                   0x07fcb9b4   Data           0  da14531_symbols.txt ABSOLUTE
    alter_conn_adv_dir_cnt                   0x07fcb9b8   Data           0  da14531_symbols.txt ABSOLUTE
    alter_conn_adv_cnt                       0x07fcb9bc   Data           0  da14531_symbols.txt ABSOLUTE
    create_conn_cnt                          0x07fcb9c0   Data           0  da14531_symbols.txt ABSOLUTE
    alter_conn_cnt                           0x07fcb9c4   Data           0  da14531_symbols.txt ABSOLUTE
    alter_conn_restart_cnt                   0x07fcb9c8   Data           0  da14531_symbols.txt ABSOLUTE
    alter_conn_peer_addr                     0x07fcb9cc   Data           0  da14531_symbols.txt ABSOLUTE
    alter_conn_local_addr                    0x07fcb9d2   Data           0  da14531_symbols.txt ABSOLUTE
    set_adv_data_discard_old                 0x07fcb9d8   Data           0  da14531_symbols.txt ABSOLUTE
    llm_resolving_list_max                   0x07fcb9d9   Data           0  da14531_symbols.txt ABSOLUTE
    llm_local_le_feats                       0x07fcb9da   Data           0  da14531_symbols.txt ABSOLUTE
    llm_bt_env                               0x07fcb9e2   Data           0  da14531_symbols.txt ABSOLUTE
    init_tx_cnt_cntl_cnt1                    0x07fcb9ec   Data           0  da14531_symbols.txt ABSOLUTE
    init_tx_cnt_cntl_cnt                     0x07fcb9f0   Data           0  da14531_symbols.txt ABSOLUTE
    tx_cnt_cntl_cnt                          0x07fcb9f4   Data           0  da14531_symbols.txt ABSOLUTE
    llm_state                                0x07fcb9f8   Data           0  da14531_symbols.txt ABSOLUTE
    delay_us_cnt                             0x07fcb9fa   Data           0  da14531_symbols.txt ABSOLUTE
    gtl_state                                0x07fcb9fc   Data           0  da14531_symbols.txt ABSOLUTE
    use_h4tl                                 0x07fcb9fd   Data           0  da14531_symbols.txt ABSOLUTE
    hci_cmd_desc_root_tab                    0x07fcba00   Data           0  da14531_symbols.txt ABSOLUTE
    gattc_state                              0x07fcba30   Data           0  da14531_symbols.txt ABSOLUTE
    gattm_state                              0x07fcba33   Data           0  da14531_symbols.txt ABSOLUTE
    l2cc_state                               0x07fcba34   Data           0  da14531_symbols.txt ABSOLUTE
    l2cm_env                                 0x07fcba38   Data           0  da14531_symbols.txt ABSOLUTE
    gapc_state                               0x07fcba3e   Data           0  da14531_symbols.txt ABSOLUTE
    gapm_state                               0x07fcba41   Data           0  da14531_symbols.txt ABSOLUTE
    whitelist_fix                            0x07fcba42   Data           0  da14531_symbols.txt ABSOLUTE
    ecdh_key_creation_in_progress            0x07fcba44   Data           0  da14531_symbols.txt ABSOLUTE
    ke_free_bad                              0x07fcba48   Data           0  da14531_symbols.txt ABSOLUTE
    DISABLE_KE_TASK_ALTERNATIVE_SAVED_QUEUE  0x07fcba4c   Data           0  da14531_symbols.txt ABSOLUTE
    rwip_env                                 0x07fcba54   Data           0  da14531_symbols.txt ABSOLUTE
    _rand_state_ROM_DATA                     0x07fcba5c   Data           0  da14531_symbols.txt ABSOLUTE
    custom_msg_handlers                      0x07fcba60   Data           0  da14531_symbols.txt ABSOLUTE
    ble_reg_save                             0x07fcba64   Data           0  da14531_symbols.txt ABSOLUTE
    sleep_env                                0x07fcbab4   Data           0  da14531_symbols.txt ABSOLUTE
    uart_env                                 0x07fcbab8   Data           0  da14531_symbols.txt ABSOLUTE
    ke_mem_heaps_used                        0x07fcbadc   Data           0  da14531_symbols.txt ABSOLUTE
    co_buf_env                               0x07fcbae0   Data           0  da14531_symbols.txt ABSOLUTE
    llc_env                                  0x07fcbb78   Data           0  da14531_symbols.txt ABSOLUTE
    lld_evt_env                              0x07fcbb84   Data           0  da14531_symbols.txt ABSOLUTE
    llm_le_env                               0x07fcbbb0   Data           0  da14531_symbols.txt ABSOLUTE
    llm_local_cmds                           0x07fcbcb0   Data           0  da14531_symbols.txt ABSOLUTE
    gtl_env                                  0x07fcbd30   Data           0  da14531_symbols.txt ABSOLUTE
    hci_env                                  0x07fcbd78   Data           0  da14531_symbols.txt ABSOLUTE
    h4tl_env                                 0x07fcbd88   Data           0  da14531_symbols.txt ABSOLUTE
    gattc_env                                0x07fcbda0   Data           0  da14531_symbols.txt ABSOLUTE
    gattm_env                                0x07fcbdac   Data           0  da14531_symbols.txt ABSOLUTE
    l2cc_env                                 0x07fcbdd0   Data           0  da14531_symbols.txt ABSOLUTE
    ecdh_key                                 0x07fcbddc   Data           0  da14531_symbols.txt ABSOLUTE
    gapc_env                                 0x07fcbe3c   Data           0  da14531_symbols.txt ABSOLUTE
    gapm_env                                 0x07fcbe48   Data           0  da14531_symbols.txt ABSOLUTE
    ke_env                                   0x07fcbe74   Data           0  da14531_symbols.txt ABSOLUTE
    rwip_rf                                  0x07fcbf58   Data           0  da14531_symbols.txt ABSOLUTE



==============================================================================

Memory Map of the image

  Image Entry point : 0x07fc0111

  Load Region LR_IROM1 (Base: 0x07fc0000, Size: 0x000000a8, Max: 0x000000c0, ABSOLUTE)

    Execution Region ER_IROM1 (Exec base: 0x07fc0000, Load base: 0x07fc0000, Size: 0x000000a8, Max: 0x000000c0, ABSOLUTE)

    Exec Addr    Load Addr    Size         Type   Attr      Idx    E Section Name        Object

    0x07fc0000   0x07fc0000   0x000000a0   Data   RO          275    RESET               startup_da14531.o
    0x07fc00a0   0x07fc00a0   0x00000008   Data   RW          821    otp_cs_booter       otp_cs.o



  Load Region LR_IROM2 (Base: 0x07fc00c0, Size: 0x00000000, Max: 0x00000050, ABSOLUTE)

    Execution Region ER_IROM2 (Exec base: 0x07fc00c0, Load base: 0x07fc00c0, Size: 0x00000050, Max: 0x00000050, ABSOLUTE)

    Exec Addr    Load Addr    Size         Type   Attr      Idx    E Section Name        Object

    0x07fc00c0        -       0x00000050   Zero   RW            1    ER_IROM2.bss        anon$$obj.o



  Load Region LR_IROM3 (Base: 0x07fc0110, Size: 0x000070ac, Max: 0x00008ab0, ABSOLUTE)

    Execution Region ER_IROM3 (Exec base: 0x07fc0110, Load base: 0x07fc0110, Size: 0x000070ac, Max: 0x00008ab0, ABSOLUTE)

    Exec Addr    Load Addr    Size         Type   Attr      Idx    E Section Name        Object

    0x07fc0110   0x07fc0110   0x00000000   Code   RO         2372  * .ARM.Collect$$$$00000000  mc_p.l(entry.o)
    0x07fc0110   0x07fc0110   0x00000004   Code   RO         2401    .ARM.Collect$$$$00000001  mc_p.l(entry2.o)
    0x07fc0114   0x07fc0114   0x00000004   Code   RO         2404    .ARM.Collect$$$$00000004  mc_p.l(entry5.o)
    0x07fc0118   0x07fc0118   0x00000000   Code   RO         2406    .ARM.Collect$$$$00000008  mc_p.l(entry7b.o)
    0x07fc0118   0x07fc0118   0x00000000   Code   RO         2408    .ARM.Collect$$$$0000000A  mc_p.l(entry8b.o)
    0x07fc0118   0x07fc0118   0x00000008   Code   RO         2409    .ARM.Collect$$$$0000000B  mc_p.l(entry9a.o)
    0x07fc0120   0x07fc0120   0x00000004   Code   RO         2416    .ARM.Collect$$$$0000000E  mc_p.l(entry12b.o)
    0x07fc0124   0x07fc0124   0x00000000   Code   RO         2411    .ARM.Collect$$$$0000000F  mc_p.l(entry10a.o)
    0x07fc0124   0x07fc0124   0x00000000   Code   RO         2413    .ARM.Collect$$$$00000011  mc_p.l(entry11a.o)
    0x07fc0124   0x07fc0124   0x00000004   Code   RO         2402    .ARM.Collect$$$$00002712  mc_p.l(entry2.o)
    0x07fc0128   0x07fc0128   0x000000a4   Code   RO            2    .text               system_da14531.o
    0x07fc01cc   0x07fc01cc   0x00000050   Code   RO          276    .text               startup_da14531.o
    0x07fc021c   0x07fc021c   0x00000098   Code   RO          281    .text               hardfault_handler.o
    0x07fc02b4   0x07fc02b4   0x000000c0   Code   RO          315    .text               nmi_handler.o
    0x07fc0374   0x07fc0374   0x00000300   Code   RO          356    .text               arch_main.o
    0x07fc0674   0x07fc0674   0x00000054   Code   RO          565    .text               jump_table.o
    0x07fc06c8   0x07fc06c8   0x0000024c   Code   RO          634    .text               arch_sleep.o
    0x07fc0914   0x07fc0914   0x00000574   Code   RO          649    .text               arch_system.o
    0x07fc0e88   0x07fc0e88   0x0000015c   Code   RO          777    .text               arch_rom.o
    0x07fc0fe4   0x07fc0fe4   0x0000004c   Code   RO          804    .text               hash.o
    0x07fc1030   0x07fc1030   0x0000034c   Code   RO          819    .text               otp_cs.o
    0x07fc137c   0x07fc137c   0x00000010   Code   RO          841    .text               otp_hdr.o
    0x07fc138c   0x07fc138c   0x000001c0   Code   RO          856    .text               syscntl.o
    0x07fc154c   0x07fc154c   0x00000518   Code   RO          875    .text               gpio.o
    0x07fc1a64   0x07fc1a64   0x000002b4   Code   RO          901    .text               wkupct_quadec.o
    0x07fc1d18   0x07fc1d18   0x000004ec   Code   RO          940    .text               adc_531.o
    0x07fc2204   0x07fc2204   0x00000084   Code   RO          965    .text               trng.o
    0x07fc2288   0x07fc2288   0x0000008c   Code   RO         1054    .text               systick.o
    0x07fc2314   0x07fc2314   0x00000524   Code   RO         1073    .text               uart.o
    0x07fc2838   0x07fc2838   0x00000320   Code   RO         1094    .text               hw_otpc_531.o
    0x07fc2b58   0x07fc2b58   0x000005f8   Code   RO         1119    .text               i2c.o
    0x07fc3150   0x07fc3150   0x000001dc   Code   RO         1140    .text               rwble.o
    0x07fc332c   0x07fc332c   0x000001e0   Code   RO         1189    .text               rwip.o
    0x07fc350c   0x07fc350c   0x000002d0   Code   RO         1218    .text               ble_arp.o
    0x07fc37dc   0x07fc37dc   0x0000083c   Code   RO         1246    .text               rf_531.o
    0x07fc4018   0x07fc4018   0x0000012c   Code   RO         1736    .text               custs1_task.o
    0x07fc4144   0x07fc4144   0x000000a0   Code   RO         1772    .text               prf.o
    0x07fc41e4   0x07fc41e4   0x00000274   Code   RO         1808    .text               app_default_handlers.o
    0x07fc4458   0x07fc4458   0x00000520   Code   RO         1846    .text               app.o
    0x07fc4978   0x07fc4978   0x00000204   Code   RO         1891    .text               app_task.o
    0x07fc4b7c   0x07fc4b7c   0x00000074   Code   RO         1924    .text               app_security.o
    0x07fc4bf0   0x07fc4bf0   0x00000134   Code   RO         1951    .text               app_security_task.o
    0x07fc4d24   0x07fc4d24   0x0000003c   Code   RO         2002    .text               app_diss.o
    0x07fc4d60   0x07fc4d60   0x000000e0   Code   RO         2014    .text               app_diss_task.o
    0x07fc4e40   0x07fc4e40   0x00000040   Code   RO         2066    .text               app_msg_utils.o
    0x07fc4e80   0x07fc4e80   0x000000fc   Code   RO         2079    .text               app_easy_msg_utils.o
    0x07fc4f7c   0x07fc4f7c   0x0000031c   Code   RO         2094    .text               app_easy_security.o
    0x07fc5298   0x07fc5298   0x00000260   Code   RO         2120    .text               app_easy_timer.o
    0x07fc54f8   0x07fc54f8   0x00000064   Code   RO         2134    .text               app_customs.o
    0x07fc555c   0x07fc555c   0x00000018   Code   RO         2150    .text               app_customs_task.o
    0x07fc5574   0x07fc5574   0x00000020   Code   RO         2188    .text               app_utils.o
    0x07fc5594   0x07fc5594   0x00000108   Code   RO         2253    .text               user_periph_setup.o
    0x07fc569c   0x07fc569c   0x000002f4   Code   RO         2269    .text               user_empty_peripheral_template.o
    0x07fc5990   0x07fc5990   0x0000018c   Code   RO         2323    .text               user_custs1_impl.o
    0x07fc5b1c   0x07fc5b1c   0x00000050   Code   RO         2344    .text               user_hx711.o
    0x07fc5b6c   0x07fc5b6c   0x00000bd0   Code   RO         2368    .text               da14531.lib(patch.o)
    0x07fc673c   0x07fc673c   0x00000024   Code   RO         2419    .text               mc_p.l(init.o)
    0x07fc6760   0x07fc6760   0x00000030   Code   RO          672    i.__ARM_common_ll_muluu  arch_system.o
    0x07fc6790   0x07fc6790   0x0000000e   Code   RO         2423    i.__scatterload_copy  mc_p.l(handlers.o)
    0x07fc679e   0x07fc679e   0x00000002   Code   RO         2424    i.__scatterload_null  mc_p.l(handlers.o)
    0x07fc67a0   0x07fc67a0   0x0000000e   Code   RO         2425    i.__scatterload_zeroinit  mc_p.l(handlers.o)
    0x07fc67ae   0x07fc67ae   0x00000002   PAD
    0x07fc67b0   0x07fc67b0   0x0000006c   Code   RO         2374    i.malloc            mc_p.l(malloc.o)
    0x07fc681c   0x07fc681c   0x0000000e   Data   RO          333    .constdata          nvds.o
    0x07fc682a   0x07fc682a   0x00000002   PAD
    0x07fc682c   0x07fc682c   0x00000008   Data   RO          334    .constdata          nvds.o
    0x07fc6834   0x07fc6834   0x0000017c   Data   RO          566    .constdata          jump_table.o
    0x07fc69b0   0x07fc69b0   0x000000ec   Data   RO          567    .constdata          jump_table.o
    0x07fc6a9c   0x07fc6a9c   0x00000008   Data   RO          652    .constdata          arch_system.o
    0x07fc6aa4   0x07fc6aa4   0x00000070   Data   RO          778    .constdata          arch_rom.o
    0x07fc6b14   0x07fc6b14   0x00000002   Data   RO          876    .constdata          gpio.o
    0x07fc6b16   0x07fc6b16   0x00000002   PAD
    0x07fc6b18   0x07fc6b18   0x0000001c   Data   RO         1095    .constdata          hw_otpc_531.o
    0x07fc6b34   0x07fc6b34   0x00000070   Data   RO         1220    .constdata          ble_arp.o
    0x07fc6ba4   0x07fc6ba4   0x00000010   Data   RO         1720    .constdata          custs1.o
    0x07fc6bb4   0x07fc6bb4   0x00000048   Data   RO         1737    .constdata          custs1_task.o
    0x07fc6bfc   0x07fc6bfc   0x00000008   Data   RO         1738    .constdata          custs1_task.o
    0x07fc6c04   0x07fc6c04   0x00000018   Data   RO         1773    .constdata          prf.o
    0x07fc6c1c   0x07fc6c1c   0x0000000c   Data   RO         1774    .constdata          prf.o
    0x07fc6c28   0x07fc6c28   0x0000007c   Data   RO         1847    .constdata          app.o
    0x07fc6ca4   0x07fc6ca4   0x00000070   Data   RO         1893    .constdata          app_task.o
    0x07fc6d14   0x07fc6d14   0x00000038   Data   RO         1953    .constdata          app_security_task.o
    0x07fc6d4c   0x07fc6d4c   0x00000008   Data   RO         2015    .constdata          app_diss_task.o
    0x07fc6d54   0x07fc6d54   0x0000008c   Data   RO         2043    .constdata          app_entry_point.o
    0x07fc6de0   0x07fc6de0   0x0000001c   Data   RO         2044    .constdata          app_entry_point.o
    0x07fc6dfc   0x07fc6dfc   0x00000020   Data   RO         2045    .constdata          app_entry_point.o
    0x07fc6e1c   0x07fc6e1c   0x00000007   Data   RO         2095    .constdata          app_easy_security.o
    0x07fc6e23   0x07fc6e23   0x00000001   PAD
    0x07fc6e24   0x07fc6e24   0x00000038   Data   RO         2215    .constdata          user_custs_config.o
    0x07fc6e5c   0x07fc6e5c   0x00000010   Data   RO         2228    .constdata          user_custs1_def.o
    0x07fc6e6c   0x07fc6e6c   0x00000010   Data   RO         2229    .constdata          user_custs1_def.o
    0x07fc6e7c   0x07fc6e7c   0x00000010   Data   RO         2230    .constdata          user_custs1_def.o
    0x07fc6e8c   0x07fc6e8c   0x00000010   Data   RO         2231    .constdata          user_custs1_def.o
    0x07fc6e9c   0x07fc6e9c   0x00000010   Data   RO         2232    .constdata          user_custs1_def.o
    0x07fc6eac   0x07fc6eac   0x00000010   Data   RO         2233    .constdata          user_custs1_def.o
    0x07fc6ebc   0x07fc6ebc   0x00000010   Data   RO         2234    .constdata          user_custs1_def.o
    0x07fc6ecc   0x07fc6ecc   0x00000010   Data   RO         2235    .constdata          user_custs1_def.o
    0x07fc6edc   0x07fc6edc   0x00000002   Data   RO         2236    .constdata          user_custs1_def.o
    0x07fc6ede   0x07fc6ede   0x00000002   Data   RO         2237    .constdata          user_custs1_def.o
    0x07fc6ee0   0x07fc6ee0   0x00000002   Data   RO         2238    .constdata          user_custs1_def.o
    0x07fc6ee2   0x07fc6ee2   0x00000002   Data   RO         2239    .constdata          user_custs1_def.o
    0x07fc6ee4   0x07fc6ee4   0x00000002   Data   RO         2240    .constdata          user_custs1_def.o
    0x07fc6ee6   0x07fc6ee6   0x00000001   Data   RO         2241    .constdata          user_custs1_def.o
    0x07fc6ee7   0x07fc6ee7   0x00000001   PAD
    0x07fc6ee8   0x07fc6ee8   0x000001cc   Data   RO         2243    .constdata          user_custs1_def.o
    0x07fc70b4   0x07fc70b4   0x00000006   Data   RO         2275    .constdata          user_empty_peripheral_template.o
    0x07fc70ba   0x07fc70ba   0x00000002   PAD
    0x07fc70bc   0x07fc70bc   0x00000024   Data   RO         2369    .constdata          da14531.lib(patch.o)
    0x07fc70e0   0x07fc70e0   0x000000a2   Data   RO         2244    .conststring        user_custs1_def.o
    0x07fc7182   0x07fc7182   0x00000002   PAD
    0x07fc7184   0x07fc7184   0x00000020   Data   RO         2421    Region$$Table       anon$$obj.o
    0x07fc71a4   0x07fc71a4   0x00000004   Data   RW            3    .data               system_da14531.o
    0x07fc71a8   0x07fc71a8   0x00000004   Data   RW          653    .data               arch_system.o
    0x07fc71ac   0x07fc71ac   0x00000001   Data   RW         1248    .data               rf_531.o
    0x07fc71ad   0x07fc71ad   0x00000003   PAD
    0x07fc71b0   0x07fc71b0   0x00000004   Data   RW         2276    .data               user_empty_peripheral_template.o
    0x07fc71b4   0x07fc71b4   0x00000004   Data   RW         2417    .data               mc_p.l(mvars.o)
    0x07fc71b8   0x07fc71b8   0x00000004   Data   RW         2418    .data               mc_p.l(mvars.o)


    Execution Region ER_PRODTEST (Exec base: 0x07fc71c0, Load base: 0x07fc71bc, Size: 0x00000000, Max: 0xffffffff, ABSOLUTE, UNINIT)

    **** No section assigned to this execution region ****


    Execution Region ER_ZI (Exec base: 0x07fc71c0, Load base: 0x07fc71bc, Size: 0x00000960, Max: 0xffffffff, ABSOLUTE)

    Exec Addr    Load Addr    Size         Type   Attr      Idx    E Section Name        Object

    0x07fc71c0        -       0x0000000c   Zero   RW          650    .bss                arch_system.o
    0x07fc71cc        -       0x00000004   Zero   RW          820    .bss                otp_cs.o
    0x07fc71d0        -       0x00000002   Zero   RW          857    .bss                syscntl.o
    0x07fc71d2        -       0x00000002   Zero   RW          941    .bss                adc_531.o
    0x07fc71d4        -       0x00000014   Zero   RW          966    .bss                trng.o
    0x07fc71e8        -       0x00000030   Zero   RW         1120    .bss                i2c.o
    0x07fc7218        -       0x00000004   Zero   RW         1190    .bss                rwip.o
    0x07fc721c        -       0x0000002e   Zero   RW         1247    .bss                rf_531.o
    0x07fc724a   0x07fc71bc   0x00000002   PAD
    0x07fc724c        -       0x000001d0   Zero   RW         2272    .bss                user_empty_peripheral_template.o
    0x07fc741c   0x07fc71bc   0x00000004   PAD
    0x07fc7420        -       0x00000100   Zero   RW          274    HEAP                startup_da14531.o
    0x07fc7520        -       0x00000600   Zero   RW          273    STACK               startup_da14531.o


    Execution Region ER_NZI (Exec base: 0x07fc7b20, Load base: 0x07fc71bc, Size: 0x0000040c, Max: 0xffffffff, ABSOLUTE, UNINIT)

    Exec Addr    Load Addr    Size         Type   Attr      Idx    E Section Name        Object

    0x07fc7b20        -       0x0000040c   Zero   RW          570    heap_mem_area_not_ret  jump_table.o


    Execution Region ER_STATEFUL_HIBERNATION (Exec base: 0x07fc7f2c, Load base: 0x07fc71bc, Size: 0x00000000, Max: 0xffffffff, ABSOLUTE, UNINIT)

    **** No section assigned to this execution region ****



  Load Region LR_RETAINED_RAM0 (Base: 0x07fc8bc0, Size: 0x00000000, Max: 0x00001440, ABSOLUTE)

    Execution Region RET_DATA_UNINIT (Exec base: 0x07fc8bc0, Load base: 0x07fc8bc0, Size: 0x00000000, Max: 0x00000000, ABSOLUTE, UNINIT)

    **** No section assigned to this execution region ****


    Execution Region RET_DATA (Exec base: 0x07fc8bc0, Load base: 0x07fc8bc0, Size: 0x000002f4, Max: 0x00000800, ABSOLUTE)

    Exec Addr    Load Addr    Size         Type   Attr      Idx    E Section Name        Object

    0x07fc8bc0        -       0x00000008   Zero   RW          358    retention_mem_area0  arch_main.o
    0x07fc8bc8        -       0x00000004   Zero   RW          635    retention_mem_area0  arch_sleep.o
    0x07fc8bcc   0x07fc8bc0   0x00000004   PAD
    0x07fc8bd0        -       0x00000030   Zero   RW          654    retention_mem_area0  arch_system.o
    0x07fc8c00        -       0x00000002   Zero   RW          779    retention_mem_area0  arch_rom.o
    0x07fc8c02   0x07fc8bc0   0x00000002   PAD
    0x07fc8c04        -       0x0000005c   Zero   RW          822    retention_mem_area0  otp_cs.o
    0x07fc8c60        -       0x0000004c   Zero   RW          877    retention_mem_area0  gpio.o
    0x07fc8cac        -       0x0000000c   Zero   RW          902    retention_mem_area0  wkupct_quadec.o
    0x07fc8cb8        -       0x00000004   Zero   RW          942    retention_mem_area0  adc_531.o
    0x07fc8cbc        -       0x00000004   Zero   RW         1055    retention_mem_area0  systick.o
    0x07fc8cc0        -       0x00000040   Zero   RW         1074    retention_mem_area0  uart.o
    0x07fc8d00        -       0x00000001   Zero   RW         1096    retention_mem_area0  hw_otpc_531.o
    0x07fc8d01   0x07fc8bc0   0x00000003   PAD
    0x07fc8d04        -       0x00000008   Zero   RW         1141    retention_mem_area0  rwble.o
    0x07fc8d0c        -       0x00000008   Zero   RW         1191    retention_mem_area0  rwip.o
    0x07fc8d14        -       0x00000004   Zero   RW         1192    retention_mem_area0  rwip.o
    0x07fc8d18        -       0x00000008   Zero   RW         1249    retention_mem_area0  rf_531.o
    0x07fc8d20        -       0x00000030   Zero   RW         1775    retention_mem_area0  prf.o
    0x07fc8d50        -       0x0000004e   Zero   RW         1851    retention_mem_area0  app.o
    0x07fc8d9e        -       0x00000014   Zero   RW         1852    retention_mem_area0  app.o
    0x07fc8db2        -       0x00000001   Zero   RW         1894    retention_mem_area0  app_task.o
    0x07fc8db3   0x07fc8bc0   0x00000001   PAD
    0x07fc8db4        -       0x0000007a   Zero   RW         1925    retention_mem_area0  app_security.o
    0x07fc8e2e   0x07fc8bc0   0x00000002   PAD
    0x07fc8e30        -       0x00000018   Zero   RW         2080    retention_mem_area0  app_easy_msg_utils.o
    0x07fc8e48        -       0x00000018   Zero   RW         2097    retention_mem_area0  app_easy_security.o
    0x07fc8e60        -       0x00000050   Zero   RW         2121    retention_mem_area0  app_easy_timer.o
    0x07fc8eb0        -       0x00000003   Zero   RW         2370    retention_mem_area0  da14531.lib(patch.o)


    Execution Region RET_HEAP (Exec base: 0x07fc8eb4, Load base: 0x07fc8bc0, Size: 0x00000c40, Max: 0x00000c40, ABSOLUTE, UNINIT)

    Exec Addr    Load Addr    Size         Type   Attr      Idx    E Section Name        Object

    0x07fc8eb4        -       0x0000040c   Zero   RW          568    heap_db_area        jump_table.o
    0x07fc92c0        -       0x000002b8   Zero   RW          569    heap_env_area       jump_table.o
    0x07fc9578        -       0x0000057c   Zero   RW          571    heap_msg_area       jump_table.o



  Load Region LR_FREE_AREA (Base: 0x07fcb4ac, Size: 0x00000000, Max: 0x000003f0, ABSOLUTE)

    Execution Region ER_FREE_AREA (Exec base: 0x07fcb4ac, Load base: 0x07fcb4ac, Size: 0x00000000, Max: 0x000003f0, ABSOLUTE)

    **** No section assigned to this execution region ****



  Load Region LR_RETAINED_TRNG_STATE (Base: 0x07fcb89c, Size: 0x00000000, Max: 0x00000004, ABSOLUTE)

    Execution Region RET_DATA_UNINIT_TRNG_STATE (Exec base: 0x07fcb89c, Load base: 0x07fcb89c, Size: 0x00000004, Max: 0x00000004, ABSOLUTE, UNINIT)

    Exec Addr    Load Addr    Size         Type   Attr      Idx    E Section Name        Object

    0x07fcb89c        -       0x00000004   Zero   RW          967    trng_state          trng.o


==============================================================================

Image component sizes


      Code (inc. data)   RO Data    RW Data    ZI Data      Debug   Object Name

      1260         62          0          0          6      19524   adc_531.o
      1312         88        124          0         98      23933   app.o
       100         10          0          0          0       2040   app_customs.o
        24          0          0          0          0       1485   app_customs_task.o
       628         36          0          0          0      11789   app_default_handlers.o
        60          4          0          0          0       1434   app_diss.o
       224         96          8          0          0       2479   app_diss_task.o
       252         12          0          0         24       4159   app_easy_msg_utils.o
       796         18          7          0         24      17980   app_easy_security.o
       608         24          0          0         80       5813   app_easy_timer.o
         0          0        200          0          0       2848   app_entry_point.o
        64          4          0          0          0       1721   app_msg_utils.o
       116         12          0          0        122       4304   app_security.o
       308         30         56          0          0       3866   app_security_task.o
       516         22        112          0          1      11002   app_task.o
        32          0          0          0          0       1726   app_utils.o
       768         82          0          0          8      28383   arch_main.o
       348        136        112          0          2       2768   arch_rom.o
       588         40          0          0          4       4511   arch_sleep.o
      1444        112          8          4         60      96531   arch_system.o
       720         62        112          0          0      76928   ble_arp.o
         0          0         16          0          0       3730   custs1.o
       300         12         80          0          0       7250   custs1_task.o
      1304         54          2          0         76      18348   gpio.o
       152         18          0          0          0       4017   hardfault_handler.o
        76         26          0          0          0        539   hash.o
       800         36         28          0          1       7247   hw_otpc_531.o
      1528         58          0          0         48      17746   i2c.o
        84          6        616          0       4172      11629   jump_table.o
       192         20          0          0          0       9051   nmi_handler.o
         0          0         22          0          0       5025   nvds.o
       844         66          0          8         96       7173   otp_cs.o
        16          4          0          0          0       1161   otp_hdr.o
       160         10         36          0         48       3654   prf.o
      2108        140          0          1         54       9446   rf_531.o
       476         42          0          0          8      75870   rwble.o
       480         62          0          0         16      74654   rwip.o
        80         16        160          0       1792        784   startup_da14531.o
       448         16          0          0          2       6250   syscntl.o
       164         30          0          4          0     288821   system_da14531.o
       140         10          0          0          4       2844   systick.o
       132         18          0          0         24       2376   trng.o
      1316         32          0          0         64      26047   uart.o
         0          0        761          0          0       1595   user_custs1_def.o
       396         32          0          0          0       3066   user_custs1_impl.o
         0          0         56          0          0        869   user_custs_config.o
       756         56          6          4        464      12695   user_empty_peripheral_template.o
        80          4          0          0          0       1221   user_hx711.o
       264         12          0          0          0       3209   user_periph_setup.o
       692         34          0          0         12      15645   wkupct_quadec.o

    ----------------------------------------------------------------------
     23156       1664       2564         24       7408     947186   Object Totals
         0          0         32          0         80          0   (incl. Generated)
         0          0         10          3         18          0   (incl. Padding)

    ----------------------------------------------------------------------

      Code (inc. data)   RO Data    RW Data    ZI Data      Debug   Library Member Name

      3024        126         36          0          3        564   patch.o
         0          0          0          0          0          0   entry.o
         0          0          0          0          0          0   entry10a.o
         0          0          0          0          0          0   entry11a.o
         4          0          0          0          0          0   entry12b.o
         8          4          0          0          0          0   entry2.o
         4          0          0          0          0          0   entry5.o
         0          0          0          0          0          0   entry7b.o
         0          0          0          0          0          0   entry8b.o
         8          4          0          0          0          0   entry9a.o
        30          0          0          0          0          0   handlers.o
        36          8          0          0          0         68   init.o
       108         16          0          0          0         76   malloc.o
         0          0          0          8          0          0   mvars.o

    ----------------------------------------------------------------------
      3224        158         36          8          4        708   Library Totals
         2          0          0          0          1          0   (incl. Padding)

    ----------------------------------------------------------------------

      Code (inc. data)   RO Data    RW Data    ZI Data      Debug   Library Name

      3024        126         36          0          3        564   da14531.lib
       198         32          0          8          0        144   mc_p.l

    ----------------------------------------------------------------------
      3224        158         36          8          4        708   Library Totals

    ----------------------------------------------------------------------

==============================================================================


      Code (inc. data)   RO Data    RW Data    ZI Data      Debug   

     26380       1822       2600         32       7412     943822   Grand Totals
     26380       1822       2600         32       7412     943822   ELF Image Totals
     26380       1822       2600         32          0          0   ROM Totals

==============================================================================

    Total RO  Size (Code + RO Data)                28980 (  28.30kB)
    Total RW  Size (RW Data + ZI Data)              7444 (   7.27kB)
    Total ROM Size (Code + RO Data + RW Data)      29012 (  28.33kB)

==============================================================================

