<html>
<body>
<pre>
<h1>µVision Build Log</h1>
<h2>Tool Versions:</h2>
IDE-Version: µVision V5.36.0.0
Copyright (C) 2021 ARM Ltd and ARM Germany GmbH. All rights reserved.
License Information: Lucas Moiseyev, TracKat, LIC=----
 
Tool Versions:
Toolchain:       MDK-Lite  Version: 5.36.0.0
Toolchain Path:  C:\Keil_v5\ARM\ARMCC\Bin
C Compiler:      Armcc.exe V5.06 update 7 (build 960)
Assembler:       Armasm.exe V5.06 update 7 (build 960)
Linker/Locator:  ArmLink.exe V5.06 update 7 (build 960)
Library Manager: ArmAr.exe V5.06 update 7 (build 960)
Hex Converter:   FromElf.exe V5.06 update 7 (build 960)
CPU DLL:         SARMCM3.DLL V5.36.0.0
Dialog DLL:      DARMCM1.DLL V1.19.4.0
Target DLL:      CMSIS_AGDI.dll V1.33.0.0
Dialog DLL:      TARMCM1.DLL V1.14.4.0
 
<h2>Project:</h2>
C:\Users\Lucas Moiseyev\OneDrive\Documents\CAT-STONE\DA145xx_SDK\6.0.16.1144\projects\target_apps\tracKat\load_cell_tag\Keil_5\empty_peripheral_template.uvprojx
Project File Date:  11/28/2021

<h2>Output:</h2>
*** Using Compiler 'V5.06 update 7 (build 960)', folder: 'C:\Keil_v5\ARM\ARMCC\Bin'
Build target 'DA14531'
compiling arch_console.c...
compiling nmi_handler.c...
compiling nvds.c...
compiling system_DA14531.c...
compiling hardfault_handler.c...
compiling jump_table.c...
compiling arch_main.c...
compiling arch_sleep.c...
compiling chacha20.c...
compiling arch_hibernation.c...
compiling hash.c...
compiling arch_rom.c...
compiling otp_hdr.c...
compiling syscntl.c...
compiling otp_cs.c...
compiling arch_system.c...
compiling wkupct_quadec.c...
compiling gpio.c...
compiling battery.c...
compiling trng.c...
compiling adc_531.c...
compiling spi_531.c...
compiling spi_flash.c...
compiling systick.c...
compiling i2c_eeprom.c...
compiling uart.c...
compiling dma.c...
compiling hw_otpc_531.c...
compiling i2c.c...
compiling rf_585.c...
compiling attm_db_128.c...
compiling rf_531.c...
compiling basc.c...
compiling basc_task.c...
compiling rwip.c...
compiling ble_arp.c...
compiling bass.c...
compiling bass_task.c...
compiling blpc_task.c...
compiling blpc.c...
compiling rwble.c...
compiling blps.c...
compiling blps_task.c...
compiling disc.c...
compiling diss.c...
compiling disc_task.c...
compiling findt.c...
compiling diss_task.c...
compiling findt_task.c...
compiling hogpbh_task.c...
compiling hogpd.c...
compiling hogpbh.c...
compiling hogprh_task.c...
compiling hogprh.c...
compiling hogpd_task.c...
compiling hrpc.c...
compiling hrps.c...
compiling hrps_task.c...
compiling hrpc_task.c...
compiling htpc_task.c...
compiling htpt.c...
compiling htpc.c...
compiling htpt_task.c...
compiling proxm_task.c...
compiling proxm.c...
compiling proxr_task.c...
compiling scppc.c...
compiling scppc_task.c...
compiling proxr.c...
compiling scpps.c...
compiling scpps_task.c...
compiling anpc_task.c...
compiling anpc.c...
compiling cscpc.c...
compiling anps.c...
compiling anps_task.c...
compiling cscpc_task.c...
compiling cscps.c...
compiling paspc.c...
compiling glpc.c...
compiling glps_task.c...
compiling cscps_task.c...
compiling glpc_task.c...
compiling glps.c...
compiling paspc_task.c...
compiling pasps.c...
compiling pasps_task.c...
compiling rscpc.c...
compiling rscps_task.c...
compiling rscpc_task.c...
compiling rscps.c...
compiling tipc.c...
compiling tipc_task.c...
compiling tips_task.c...
compiling tips.c...
compiling cppc.c...
compiling findl_task.c...
compiling findl.c...
compiling lanc.c...
compiling lans.c...
compiling lans_task.c...
compiling cpps.c...
compiling cppc_task.c...
compiling lanc_task.c...
compiling cpps_task.c...
compiling suotar_task.c...
compiling suotar.c...
compiling custs1.c...
compiling custs2.c...
compiling custom_common.c...
compiling custs2_task.c...
compiling custs1_task.c...
compiling prf_utils.c...
compiling prf.c...
compiling app_security.c...
compiling app_security_task.c...
compiling app_task.c...
compiling app.c...
compiling app_default_handlers.c...
compiling app_bass_task.c...
compiling app_bass.c...
compiling app_findme.c...
compiling app_findme_task.c...
compiling app_proxr.c...
compiling app_diss.c...
compiling app_proxr_task.c...
compiling app_diss_task.c...
compiling app_suotar.c...
compiling app_suotar_task.c...
compiling app_msg_utils.c...
compiling app_easy_msg_utils.c...
compiling app_entry_point.c...
compiling app_easy_security.c...
compiling app_easy_timer.c...
compiling app_customs.c...
compiling app_customs_task.c...
compiling app_customs_common.c...
compiling app_utils.c...
compiling app_bond_db.c...
compiling app_easy_whitelist.c...
compiling user_custs_config.c...
compiling user_custs1_def.c...
compiling user_periph_setup.c...
compiling user_i2c_utils.c...
compiling user_accelerometer.c...
compiling user_empty_peripheral_template.c...
compiling user_custs1_impl.c...
compiling user_hx711.c...
linking...
Program Size: Code=17326 RO-data=2198 RW-data=12 ZI-data=7124  
FromELF: creating hex file...
After Build - User command #1: fromelf --bincombined --output=".\out_DA14531\Objects\empty_peripheral_template_531.bin"  ".\out_DA14531\Objects\empty_peripheral_template_531.axf"
".\out_DA14531\Objects\empty_peripheral_template_531.axf" - 0 Error(s), 0 Warning(s).

<h2>Software Packages used:</h2>

Package Vendor: ARM
                http://www.keil.com/pack/ARM.CMSIS.5.8.0.pack
                ARM.CMSIS.5.8.0
                CMSIS (Common Microcontroller Software Interface Standard)

<h2>Collection of Component include folders:</h2>
  C:\Users\Lucas Moiseyev\AppData\Local\Arm\Packs\ARM\CMSIS\5.8.0\Device\ARM\ARMCM0plus\Include

<h2>Collection of Component Files used:</h2>
Build Time Elapsed:  00:00:31
</pre>
</body>
</html>
